Archive member included to satisfy reference by file (symbol)

D:/Applications/arm-gnu-toolchain-13.2.Rel1-mingw-w64-i686-arm-none-eabi/bin/../lib/gcc/arm-none-eabi/13.2.1/thumb/v7e-m+fp/hard\libc_nano.a(libc_a-exit.o)
                              D:/Applications/arm-gnu-toolchain-13.2.Rel1-mingw-w64-i686-arm-none-eabi/bin/../lib/gcc/arm-none-eabi/13.2.1/thumb/v7e-m+fp/hard/crt0.o (exit)
D:/Applications/arm-gnu-toolchain-13.2.Rel1-mingw-w64-i686-arm-none-eabi/bin/../lib/gcc/arm-none-eabi/13.2.1/thumb/v7e-m+fp/hard\libc_nano.a(libc_a-findfp.o)
                              build/tasks.o (__sf)
D:/Applications/arm-gnu-toolchain-13.2.Rel1-mingw-w64-i686-arm-none-eabi/bin/../lib/gcc/arm-none-eabi/13.2.1/thumb/v7e-m+fp/hard\libc_nano.a(libc_a-fwalk.o)
                              D:/Applications/arm-gnu-toolchain-13.2.Rel1-mingw-w64-i686-arm-none-eabi/bin/../lib/gcc/arm-none-eabi/13.2.1/thumb/v7e-m+fp/hard\libc_nano.a(libc_a-findfp.o) (_fwalk_sglue)
D:/Applications/arm-gnu-toolchain-13.2.Rel1-mingw-w64-i686-arm-none-eabi/bin/../lib/gcc/arm-none-eabi/13.2.1/thumb/v7e-m+fp/hard\libc_nano.a(libc_a-stdio.o)
                              D:/Applications/arm-gnu-toolchain-13.2.Rel1-mingw-w64-i686-arm-none-eabi/bin/../lib/gcc/arm-none-eabi/13.2.1/thumb/v7e-m+fp/hard\libc_nano.a(libc_a-findfp.o) (__sread)
D:/Applications/arm-gnu-toolchain-13.2.Rel1-mingw-w64-i686-arm-none-eabi/bin/../lib/gcc/arm-none-eabi/13.2.1/thumb/v7e-m+fp/hard\libc_nano.a(libc_a-memset.o)
                              D:/Applications/arm-gnu-toolchain-13.2.Rel1-mingw-w64-i686-arm-none-eabi/bin/../lib/gcc/arm-none-eabi/13.2.1/thumb/v7e-m+fp/hard/crt0.o (memset)
D:/Applications/arm-gnu-toolchain-13.2.Rel1-mingw-w64-i686-arm-none-eabi/bin/../lib/gcc/arm-none-eabi/13.2.1/thumb/v7e-m+fp/hard\libc_nano.a(libc_a-closer.o)
                              D:/Applications/arm-gnu-toolchain-13.2.Rel1-mingw-w64-i686-arm-none-eabi/bin/../lib/gcc/arm-none-eabi/13.2.1/thumb/v7e-m+fp/hard\libc_nano.a(libc_a-stdio.o) (_close_r)
D:/Applications/arm-gnu-toolchain-13.2.Rel1-mingw-w64-i686-arm-none-eabi/bin/../lib/gcc/arm-none-eabi/13.2.1/thumb/v7e-m+fp/hard\libc_nano.a(libc_a-reent.o)
                              build/tasks.o (_reclaim_reent)
D:/Applications/arm-gnu-toolchain-13.2.Rel1-mingw-w64-i686-arm-none-eabi/bin/../lib/gcc/arm-none-eabi/13.2.1/thumb/v7e-m+fp/hard\libc_nano.a(libc_a-impure.o)
                              build/tasks.o (_impure_ptr)
D:/Applications/arm-gnu-toolchain-13.2.Rel1-mingw-w64-i686-arm-none-eabi/bin/../lib/gcc/arm-none-eabi/13.2.1/thumb/v7e-m+fp/hard\libc_nano.a(libc_a-lseekr.o)
                              D:/Applications/arm-gnu-toolchain-13.2.Rel1-mingw-w64-i686-arm-none-eabi/bin/../lib/gcc/arm-none-eabi/13.2.1/thumb/v7e-m+fp/hard\libc_nano.a(libc_a-stdio.o) (_lseek_r)
D:/Applications/arm-gnu-toolchain-13.2.Rel1-mingw-w64-i686-arm-none-eabi/bin/../lib/gcc/arm-none-eabi/13.2.1/thumb/v7e-m+fp/hard\libc_nano.a(libc_a-readr.o)
                              D:/Applications/arm-gnu-toolchain-13.2.Rel1-mingw-w64-i686-arm-none-eabi/bin/../lib/gcc/arm-none-eabi/13.2.1/thumb/v7e-m+fp/hard\libc_nano.a(libc_a-stdio.o) (_read_r)
D:/Applications/arm-gnu-toolchain-13.2.Rel1-mingw-w64-i686-arm-none-eabi/bin/../lib/gcc/arm-none-eabi/13.2.1/thumb/v7e-m+fp/hard\libc_nano.a(libc_a-writer.o)
                              D:/Applications/arm-gnu-toolchain-13.2.Rel1-mingw-w64-i686-arm-none-eabi/bin/../lib/gcc/arm-none-eabi/13.2.1/thumb/v7e-m+fp/hard\libc_nano.a(libc_a-stdio.o) (_write_r)
D:/Applications/arm-gnu-toolchain-13.2.Rel1-mingw-w64-i686-arm-none-eabi/bin/../lib/gcc/arm-none-eabi/13.2.1/thumb/v7e-m+fp/hard\libc_nano.a(libc_a-errno.o)
                              build/sysmem.o (__errno)
D:/Applications/arm-gnu-toolchain-13.2.Rel1-mingw-w64-i686-arm-none-eabi/bin/../lib/gcc/arm-none-eabi/13.2.1/thumb/v7e-m+fp/hard\libc_nano.a(libc_a-init.o)
                              D:/Applications/arm-gnu-toolchain-13.2.Rel1-mingw-w64-i686-arm-none-eabi/bin/../lib/gcc/arm-none-eabi/13.2.1/thumb/v7e-m+fp/hard/crt0.o (__libc_init_array)
D:/Applications/arm-gnu-toolchain-13.2.Rel1-mingw-w64-i686-arm-none-eabi/bin/../lib/gcc/arm-none-eabi/13.2.1/thumb/v7e-m+fp/hard\libc_nano.a(libc_a-lock.o)
                              D:/Applications/arm-gnu-toolchain-13.2.Rel1-mingw-w64-i686-arm-none-eabi/bin/../lib/gcc/arm-none-eabi/13.2.1/thumb/v7e-m+fp/hard\libc_nano.a(libc_a-findfp.o) (__retarget_lock_init_recursive)
D:/Applications/arm-gnu-toolchain-13.2.Rel1-mingw-w64-i686-arm-none-eabi/bin/../lib/gcc/arm-none-eabi/13.2.1/thumb/v7e-m+fp/hard\libc_nano.a(libc_a-memcpy-stub.o)
                              build/queue.o (memcpy)
D:/Applications/arm-gnu-toolchain-13.2.Rel1-mingw-w64-i686-arm-none-eabi/bin/../lib/gcc/arm-none-eabi/13.2.1/thumb/v7e-m+fp/hard\libc_nano.a(libc_a-freer.o)
[...]
Memory Configuration

Name             Origin             Length             Attributes
RAM              0x20000000         0x00020000         xrw
CCMRAM           0x10000000         0x00010000         xrw
FLASH            0x08000000         0x00100000         xr
*default*        0x00000000         0xffffffff

Linker script and memory map

LOAD D:/Applications/arm-gnu-toolchain-13.2.Rel1-mingw-w64-i686-arm-none-eabi/bin/../lib/gcc/arm-none-eabi/13.2.1/thumb/v7e-m+fp/hard/crti.o
LOAD D:/Applications/arm-gnu-toolchain-13.2.Rel1-mingw-w64-i686-arm-none-eabi/bin/../lib/gcc/arm-none-eabi/13.2.1/thumb/v7e-m+fp/hard/crtbegin.o
LOAD D:/Applications/arm-gnu-toolchain-13.2.Rel1-mingw-w64-i686-arm-none-eabi/bin/../lib/gcc/arm-none-eabi/13.2.1/thumb/v7e-m+fp/hard/crt0.o
LOAD build/main.o
LOAD build/gpio.o
LOAD build/freertos.o
LOAD build/adc.o
LOAD build/can.o
LOAD build/crc.o
LOAD build/dma.o
LOAD build/i2c.o
LOAD build/rng.o
LOAD build/rtc.o
LOAD build/spi.o
LOAD build/tim.o
LOAD build/usart.o
LOAD build/stm32f4xx_it.o
LOAD build/stm32f4xx_hal_msp.o
LOAD build/stm32f4xx_hal_timebase_tim.o
LOAD build/usb_device.o
LOAD build/usbd_desc.o
LOAD build/usbd_cdc_if.o
LOAD build/usbd_conf.o
LOAD build/stm32f4xx_hal_pcd.o
LOAD build/stm32f4xx_hal_pcd_ex.o
LOAD build/stm32f4xx_ll_usb.o
LOAD build/stm32f4xx_hal_rcc.o
LOAD build/stm32f4xx_hal_rcc_ex.o
LOAD build/stm32f4xx_hal_flash.o
LOAD build/stm32f4xx_hal_flash_ex.o
LOAD build/stm32f4xx_hal_flash_ramfunc.o
LOAD build/stm32f4xx_hal_gpio.o
LOAD build/stm32f4xx_hal_dma_ex.o
LOAD build/stm32f4xx_hal_dma.o
LOAD build/stm32f4xx_hal_pwr.o
LOAD build/stm32f4xx_hal_pwr_ex.o
LOAD build/stm32f4xx_hal_cortex.o
LOAD build/stm32f4xx_hal.o
LOAD build/stm32f4xx_hal_exti.o
LOAD build/stm32f4xx_hal_adc.o
LOAD build/stm32f4xx_hal_adc_ex.o
LOAD build/stm32f4xx_ll_adc.o
LOAD build/stm32f4xx_hal_can.o
LOAD build/stm32f4xx_hal_crc.o
LOAD build/stm32f4xx_hal_i2c.o
LOAD build/stm32f4xx_hal_i2c_ex.o
LOAD build/stm32f4xx_hal_rng.o
LOAD build/stm32f4xx_hal_rtc.o
LOAD build/stm32f4xx_hal_rtc_ex.o
LOAD build/stm32f4xx_hal_spi.o
LOAD build/stm32f4xx_hal_tim.o
LOAD build/stm32f4xx_hal_tim_ex.o
LOAD build/stm32f4xx_hal_uart.o
LOAD build/system_stm32f4xx.o
LOAD build/croutine.o
LOAD build/event_groups.o
LOAD build/list.o
LOAD build/queue.o
LOAD build/stream_buffer.o
LOAD build/tasks.o
LOAD build/timers.o
LOAD build/cmsis_os2.o
LOAD build/heap_4.o
LOAD build/port.o
LOAD build/usbd_core.o
LOAD build/usbd_ctlreq.o
LOAD build/usbd_ioreq.o
LOAD build/usbd_cdc.o
LOAD build/sysmem.o
LOAD build/syscalls.o
LOAD build/mem.o
LOAD build/startup_stm32f407xx.o
LOAD D:/Applications/arm-gnu-toolchain-13.2.Rel1-mingw-w64-i686-arm-none-eabi/bin/../lib/gcc/arm-none-eabi/13.2.1/thumb/v7e-m+fp/hard\libc_nano.a
LOAD D:/Applications/arm-gnu-toolchain-13.2.Rel1-mingw-w64-i686-arm-none-eabi/bin/../lib/gcc/arm-none-eabi/13.2.1/thumb/v7e-m+fp/hard\libm.a
LOAD D:/Applications/arm-gnu-toolchain-13.2.Rel1-mingw-w64-i686-arm-none-eabi/bin/../lib/gcc/arm-none-eabi/13.2.1/thumb/v7e-m+fp/hard\libnosys.a
LOAD Middlewares/ST/ARM/DSP/Lib/libarm_cortexM4lf_math.a
START GROUP
LOAD D:/Applications/arm-gnu-toolchain-13.2.Rel1-mingw-w64-i686-arm-none-eabi/bin/../lib/gcc/arm-none-eabi/13.2.1/thumb/v7e-m+fp/hard\libgcc.a
LOAD D:/Applications/arm-gnu-toolchain-13.2.Rel1-mingw-w64-i686-arm-none-eabi/bin/../lib/gcc/arm-none-eabi/13.2.1/thumb/v7e-m+fp/hard\libc_nano.a
END GROUP
START GROUP
LOAD D:/Applications/arm-gnu-toolchain-13.2.Rel1-mingw-w64-i686-arm-none-eabi/bin/../lib/gcc/arm-none-eabi/13.2.1/thumb/v7e-m+fp/hard\libgcc.a
LOAD D:/Applications/arm-gnu-toolchain-13.2.Rel1-mingw-w64-i686-arm-none-eabi/bin/../lib/gcc/arm-none-eabi/13.2.1/thumb/v7e-m+fp/hard\libc_nano.a
END GROUP
LOAD D:/Applications/arm-gnu-toolchain-13.2.Rel1-mingw-w64-i686-arm-none-eabi/bin/../lib/gcc/arm-none-eabi/13.2.1/thumb/v7e-m+fp/hard/crtend.o
LOAD D:/Applications/arm-gnu-toolchain-13.2.Rel1-mingw-w64-i686-arm-none-eabi/bin/../lib/gcc/arm-none-eabi/13.2.1/thumb/v7e-m+fp/hard/crtn.o
                0x20020000                        _estack = (ORIGIN (RAM) + LENGTH (RAM))
                0x00008000                        _Min_Heap_Size = 0x8000
                0x00008000                        _Min_Stack_Size = 0x8000

.isr_vector     0x08000000      0x188
                0x08000000                        . = ALIGN (0x4)
 *(.isr_vector)
 .isr_vector    0x08000000      0x188 build/startup_stm32f407xx.o
                0x08000000                g_pfnVectors
                0x08000188                        . = ALIGN (0x4)

.text           0x08000190     0x8eec
                0x08000190                        . = ALIGN (0x4)
 *(.text)
 .text          0x08000190       0x30 D:/Applications/arm-gnu-toolchain-13.2.Rel1-mingw-w64-i686-arm-none-eabi/bin/../lib/gcc/arm-none-eabi/13.2.1/thumb/v7e-m+fp/hard\libgcc.a(_aeabi_uldivmod.o)
                0x08000190                __aeabi_uldivmod
 .text          0x080001c0        0x4 D:/Applications/arm-gnu-toolchain-13.2.Rel1-mingw-w64-i686-arm-none-eabi/bin/../lib/gcc/arm-none-eabi/13.2.1/thumb/v7e-m+fp/hard\libgcc.a(_dvmd_tls.o)
                0x080001c0                __aeabi_idiv0
                0x080001c0                __aeabi_ldiv0
 *(.text*)
 .text.deregister_tm_clones
                0x080001c4       0x1c D:/Applications/arm-gnu-toolchain-13.2.Rel1-mingw-w64-i686-arm-none-eabi/bin/../lib/gcc/arm-none-eabi/13.2.1/thumb/v7e-m+fp/hard/crtbegin.o
 .text.register_tm_clones
                0x080001e0       0x24 D:/Applications/arm-gnu-toolchain-13.2.Rel1-mingw-w64-i686-arm-none-eabi/bin/../lib/gcc/arm-none-eabi/13.2.1/thumb/v7e-m+fp/hard/crtbegin.o
 .text.__do_global_dtors_aux
                0x08000204       0x28 D:/Applications/arm-gnu-toolchain-13.2.Rel1-mingw-w64-i686-arm-none-eabi/bin/../lib/gcc/arm-none-eabi/13.2.1/thumb/v7e-m+fp/hard/crtbegin.o
 .text.frame_dummy
                0x0800022c       0x24 D:/Applications/arm-gnu-toolchain-13.2.Rel1-mingw-w64-i686-arm-none-eabi/bin/../lib/gcc/arm-none-eabi/13.2.1/thumb/v7e-m+fp/hard/crtbegin.o
 .text.HAL_TIM_PeriodElapsedCallback
                0x08000250       0x18 build/main.o
                0x08000250                HAL_TIM_PeriodElapsedCallback
 .text.Error_Handler
                0x08000268        0x4 build/main.o
                0x08000268                Error_Handler
 .text.SystemClock_Config
                0x0800026c       0xb0 build/main.o
                0x0800026c                SystemClock_Config
 .text.main     0x0800031c       0x60 build/main.o
                0x0800031c                main
 .text.MX_GPIO_Init
                0x0800037c      0x1e4 build/gpio.o
                0x0800037c                MX_GPIO_Init
 .text.StartInitTask
                0x08000560        0xe build/freertos.o
                0x08000560                StartInitTask
 .text.PreSleepProcessing
                0x0800056e        0x2 build/freertos.o
                0x0800056e                PreSleepProcessing
 .text.PostSleepProcessing
                0x08000570        0x2 build/freertos.o
                0x08000570                PostSleepProcessing
 *fill*         0x08000572        0x2 
 .text.MX_FREERTOS_Init
                0x08000574       0x20 build/freertos.o
                0x08000574                MX_FREERTOS_Init
 .text.MX_ADC3_Init
                0x08000594       0x70 build/adc.o
                0x08000594                MX_ADC3_Init
 .text.HAL_ADC_MspInit
                0x08000604       0xac build/adc.o
                0x08000604                HAL_ADC_MspInit
 .text.MX_CAN1_Init
                0x080006b0       0x44 build/can.o
                0x080006b0                MX_CAN1_Init
 .text.MX_CAN2_Init
                0x080006f4       0x44 build/can.o
                0x080006f4                MX_CAN2_Init
 .text.HAL_CAN_MspInit
                0x08000738      0x104 build/can.o
                0x08000738                HAL_CAN_MspInit
 .text.MX_CRC_Init
                0x0800083c       0x20 build/crc.o
                0x0800083c                MX_CRC_Init
 .text.HAL_CRC_MspInit
                0x0800085c       0x30 build/crc.o
                0x0800085c                HAL_CRC_MspInit
 .text.MX_DMA_Init
                0x0800088c       0xe8 build/dma.o
                0x0800088c                MX_DMA_Init
 .text.MX_I2C3_Init
                0x08000974       0x3c build/i2c.o
                0x08000974                MX_I2C3_Init
 .text.HAL_I2C_MspInit
                0x080009b0      0x12c build/i2c.o
                0x080009b0                HAL_I2C_MspInit
 .text.MX_RNG_Init
                0x08000adc       0x20 build/rng.o
                0x08000adc                MX_RNG_Init
 .text.HAL_RNG_MspInit
                0x08000afc       0x30 build/rng.o
                0x08000afc                HAL_RNG_MspInit
 .text.MX_RTC_Init
                0x08000b2c       0x30 build/rtc.o
                0x08000b2c                MX_RTC_Init
 .text.HAL_RTC_MspInit
                0x08000b5c       0x48 build/rtc.o
                0x08000b5c                HAL_RTC_MspInit
 .text.MX_SPI1_Init
                0x08000ba4       0x44 build/spi.o
                0x08000ba4                MX_SPI1_Init
 .text.HAL_SPI_MspInit
                0x08000be8      0x120 build/spi.o
                0x08000be8                HAL_SPI_MspInit
 .text.HAL_TIM_Base_MspInit
                0x08000d08      0x114 build/tim.o
                0x08000d08                HAL_TIM_Base_MspInit
 .text.HAL_TIM_MspPostInit
                0x08000e1c      0x17c build/tim.o
                0x08000e1c                HAL_TIM_MspPostInit
 .text.MX_TIM1_Init
                0x08000f98      0x120 build/tim.o
                0x08000f98                MX_TIM1_Init
 .text.MX_TIM3_Init
                0x080010b8       0xac build/tim.o
                0x080010b8                MX_TIM3_Init
 .text.MX_TIM4_Init
                0x08001164       0xac build/tim.o
                0x08001164                MX_TIM4_Init
 .text.MX_TIM8_Init
                0x08001210      0x10c build/tim.o
                0x08001210                MX_TIM8_Init
 .text.MX_TIM10_Init
                0x0800131c       0x74 build/tim.o
                0x0800131c                MX_TIM10_Init
 .text.MX_USART1_UART_Init
                0x08001390       0x34 build/usart.o
                0x08001390                MX_USART1_UART_Init
 .text.MX_USART3_UART_Init
                0x080013c4       0x38 build/usart.o
                0x080013c4                MX_USART3_UART_Init
 .text.MX_USART6_UART_Init
                0x080013fc       0x34 build/usart.o
                0x080013fc                MX_USART6_UART_Init
 .text.HAL_UART_MspInit
                0x08001430      0x2b8 build/usart.o
                0x08001430                HAL_UART_MspInit
 .text.NMI_Handler
                0x080016e8        0x8 build/stm32f4xx_it.o
                0x080016e8                NMI_Handler
 .text.HardFault_Handler
                0x080016f0        0x2 build/stm32f4xx_it.o
                0x080016f0                HardFault_Handler
 .text.MemManage_Handler
                0x080016f2        0x2 build/stm32f4xx_it.o
                0x080016f2                MemManage_Handler
 .text.BusFault_Handler
                0x080016f4        0x2 build/stm32f4xx_it.o
                0x080016f4                BusFault_Handler
 .text.UsageFault_Handler
                0x080016f6        0x2 build/stm32f4xx_it.o
                0x080016f6                UsageFault_Handler
 .text.DebugMon_Handler
                0x080016f8        0x2 build/stm32f4xx_it.o
                0x080016f8                DebugMon_Handler
 .text.EXTI0_IRQHandler
                0x080016fa        0xa build/stm32f4xx_it.o
                0x080016fa                EXTI0_IRQHandler
 .text.EXTI3_IRQHandler
                0x08001704        0xa build/stm32f4xx_it.o
                0x08001704                EXTI3_IRQHandler
 .text.EXTI4_IRQHandler
                0x0800170e        0xa build/stm32f4xx_it.o
                0x0800170e                EXTI4_IRQHandler
 .text.DMA1_Stream1_IRQHandler
                0x08001718       0x10 build/stm32f4xx_it.o
                0x08001718                DMA1_Stream1_IRQHandler
 .text.DMA1_Stream2_IRQHandler
                0x08001728       0x10 build/stm32f4xx_it.o
                0x08001728                DMA1_Stream2_IRQHandler
 .text.DMA1_Stream4_IRQHandler
                0x08001738       0x10 build/stm32f4xx_it.o
                0x08001738                DMA1_Stream4_IRQHandler
 .text.EXTI9_5_IRQHandler
                0x08001748        0xa build/stm32f4xx_it.o
                0x08001748                EXTI9_5_IRQHandler
 *fill*         0x08001752        0x2 
 .text.USART1_IRQHandler
                0x08001754       0x10 build/stm32f4xx_it.o
                0x08001754                USART1_IRQHandler
 .text.TIM8_TRG_COM_TIM14_IRQHandler
                0x08001764       0x18 build/stm32f4xx_it.o
                0x08001764                TIM8_TRG_COM_TIM14_IRQHandler
 .text.DMA1_Stream7_IRQHandler
                0x0800177c       0x10 build/stm32f4xx_it.o
                0x0800177c                DMA1_Stream7_IRQHandler
 .text.DMA2_Stream0_IRQHandler
                0x0800178c       0x10 build/stm32f4xx_it.o
                0x0800178c                DMA2_Stream0_IRQHandler
 .text.DMA2_Stream1_IRQHandler
                0x0800179c       0x10 build/stm32f4xx_it.o
                0x0800179c                DMA2_Stream1_IRQHandler
 .text.DMA2_Stream2_IRQHandler
                0x080017ac       0x10 build/stm32f4xx_it.o
                0x080017ac                DMA2_Stream2_IRQHandler
 .text.DMA2_Stream3_IRQHandler
                0x080017bc       0x10 build/stm32f4xx_it.o
                0x080017bc                DMA2_Stream3_IRQHandler
 .text.OTG_FS_IRQHandler
                0x080017cc       0x10 build/stm32f4xx_it.o
                0x080017cc                OTG_FS_IRQHandler
 .text.DMA2_Stream5_IRQHandler
                0x080017dc       0x10 build/stm32f4xx_it.o
                0x080017dc                DMA2_Stream5_IRQHandler
 .text.DMA2_Stream6_IRQHandler
                0x080017ec       0x10 build/stm32f4xx_it.o
                0x080017ec                DMA2_Stream6_IRQHandler
 .text.DMA2_Stream7_IRQHandler
                0x080017fc       0x10 build/stm32f4xx_it.o
                0x080017fc                DMA2_Stream7_IRQHandler
 .text.USART6_IRQHandler
                0x0800180c       0x10 build/stm32f4xx_it.o
                0x0800180c                USART6_IRQHandler
 .text.HAL_MspInit
                0x0800181c       0x44 build/stm32f4xx_hal_msp.o
                0x0800181c                HAL_MspInit
 .text.HAL_InitTick
                0x08001860       0xa4 build/stm32f4xx_hal_timebase_tim.o
                0x08001860                HAL_InitTick
 .text.MX_USB_DEVICE_Init
                0x08001904       0x54 build/usb_device.o
                0x08001904                MX_USB_DEVICE_Init
 .text.USBD_FS_DeviceDescriptor
                0x08001958        0xc build/usbd_desc.o
                0x08001958                USBD_FS_DeviceDescriptor
 .text.USBD_FS_LangIDStrDescriptor
                0x08001964        0xc build/usbd_desc.o
                0x08001964                USBD_FS_LangIDStrDescriptor
 .text.IntToUnicode
                0x08001970       0x46 build/usbd_desc.o
 *fill*         0x080019b6        0x2 
 .text.Get_SerialNum
                0x080019b8       0x38 build/usbd_desc.o
 .text.USBD_FS_SerialStrDescriptor
                0x080019f0       0x14 build/usbd_desc.o
                0x080019f0                USBD_FS_SerialStrDescriptor
 .text.USBD_FS_ProductStrDescriptor
                0x08001a04       0x24 build/usbd_desc.o
                0x08001a04                USBD_FS_ProductStrDescriptor
 .text.USBD_FS_ManufacturerStrDescriptor
                0x08001a28       0x1c build/usbd_desc.o
                0x08001a28                USBD_FS_ManufacturerStrDescriptor
 .text.USBD_FS_ConfigStrDescriptor
                0x08001a44       0x24 build/usbd_desc.o
                0x08001a44                USBD_FS_ConfigStrDescriptor
 .text.USBD_FS_InterfaceStrDescriptor
                0x08001a68       0x24 build/usbd_desc.o
                0x08001a68                USBD_FS_InterfaceStrDescriptor
 .text.CDC_DeInit_FS
                0x08001a8c        0x4 build/usbd_cdc_if.o
 .text.CDC_Control_FS
                0x08001a90        0x4 build/usbd_cdc_if.o
 .text.CDC_TransmitCplt_FS
                0x08001a94        0x4 build/usbd_cdc_if.o
 .text.CDC_Receive_FS
                0x08001a98       0x1c build/usbd_cdc_if.o
 .text.CDC_Init_FS
                0x08001ab4       0x28 build/usbd_cdc_if.o
 .text.HAL_PCD_MspInit
                0x08001adc       0x84 build/usbd_conf.o
                0x08001adc                HAL_PCD_MspInit
 .text.HAL_PCD_SetupStageCallback
                0x08001b60       0x10 build/usbd_conf.o
                0x08001b60                HAL_PCD_SetupStageCallback
 .text.HAL_PCD_DataOutStageCallback
                0x08001b70       0x18 build/usbd_conf.o
                0x08001b70                HAL_PCD_DataOutStageCallback
 .text.HAL_PCD_DataInStageCallback
                0x08001b88       0x16 build/usbd_conf.o
                0x08001b88                HAL_PCD_DataInStageCallback
 .text.HAL_PCD_SOFCallback
                0x08001b9e        0xc build/usbd_conf.o
                0x08001b9e                HAL_PCD_SOFCallback
 .text.HAL_PCD_ResetCallback
                0x08001baa       0x28 build/usbd_conf.o
                0x08001baa                HAL_PCD_ResetCallback
 *fill*         0x08001bd2        0x2 
 .text.HAL_PCD_SuspendCallback
                0x08001bd4       0x30 build/usbd_conf.o
                0x08001bd4                HAL_PCD_SuspendCallback
 .text.HAL_PCD_ResumeCallback
                0x08001c04        0xc build/usbd_conf.o
                0x08001c04                HAL_PCD_ResumeCallback
 .text.HAL_PCD_ISOOUTIncompleteCallback
                0x08001c10        0xc build/usbd_conf.o
                0x08001c10                HAL_PCD_ISOOUTIncompleteCallback
 .text.HAL_PCD_ISOINIncompleteCallback
                0x08001c1c        0xc build/usbd_conf.o
                0x08001c1c                HAL_PCD_ISOINIncompleteCallback
 .text.HAL_PCD_ConnectCallback
                0x08001c28        0xc build/usbd_conf.o
                0x08001c28                HAL_PCD_ConnectCallback
 .text.HAL_PCD_DisconnectCallback
                0x08001c34        0xc build/usbd_conf.o
                0x08001c34                HAL_PCD_DisconnectCallback
 .text.USBD_LL_Init
                0x08001c40       0x68 build/usbd_conf.o
                0x08001c40                USBD_LL_Init
 .text.USBD_LL_IsStallEP
                0x08001ca8       0x2c build/usbd_conf.o
                0x08001ca8                USBD_LL_IsStallEP
 .text.USBD_LL_GetRxDataSize
                0x08001cd4        0xc build/usbd_conf.o
                0x08001cd4                USBD_LL_GetRxDataSize
 .text.USBD_static_malloc
                0x08001ce0        0x8 build/usbd_conf.o
                0x08001ce0                USBD_static_malloc
 .text.USBD_static_free
                0x08001ce8        0x2 build/usbd_conf.o
                0x08001ce8                USBD_static_free
 .text.USBD_Get_USB_Status
                0x08001cea       0x14 build/usbd_conf.o
                0x08001cea                USBD_Get_USB_Status
 .text.USBD_LL_Start
                0x08001cfe       0x10 build/usbd_conf.o
                0x08001cfe                USBD_LL_Start
 .text.USBD_LL_OpenEP
                0x08001d0e       0x16 build/usbd_conf.o
                0x08001d0e                USBD_LL_OpenEP
 .text.USBD_LL_CloseEP
                0x08001d24       0x10 build/usbd_conf.o
                0x08001d24                USBD_LL_CloseEP
 .text.USBD_LL_StallEP
                0x08001d34       0x10 build/usbd_conf.o
                0x08001d34                USBD_LL_StallEP
 .text.USBD_LL_ClearStallEP
                0x08001d44       0x10 build/usbd_conf.o
                0x08001d44                USBD_LL_ClearStallEP
 .text.USBD_LL_SetUSBAddress
                0x08001d54       0x10 build/usbd_conf.o
                0x08001d54                USBD_LL_SetUSBAddress
 .text.USBD_LL_Transmit
                0x08001d64       0x10 build/usbd_conf.o
                0x08001d64                USBD_LL_Transmit
 .text.USBD_LL_PrepareReceive
                0x08001d74       0x10 build/usbd_conf.o
                0x08001d74                USBD_LL_PrepareReceive
 .text.PCD_WriteEmptyTxFifo
                0x08001d84       0xd0 build/stm32f4xx_hal_pcd.o
 .text.HAL_PCD_Init
                0x08001e54      0x102 build/stm32f4xx_hal_pcd.o
                0x08001e54                HAL_PCD_Init
 .text.HAL_PCD_Start
                0x08001f56       0x44 build/stm32f4xx_hal_pcd.o
                0x08001f56                HAL_PCD_Start
 *fill*         0x08001f9a        0x2 
 .text.PCD_EP_OutXfrComplete_int
                0x08001f9c      0x104 build/stm32f4xx_hal_pcd.o
 .text.PCD_EP_OutSetupPacket_int
                0x080020a0       0x50 build/stm32f4xx_hal_pcd.o
 .text.HAL_PCD_SetAddress
                0x080020f0       0x26 build/stm32f4xx_hal_pcd.o
                0x080020f0                HAL_PCD_SetAddress
 .text.HAL_PCD_EP_Open
                0x08002116       0x88 build/stm32f4xx_hal_pcd.o
                0x08002116                HAL_PCD_EP_Open
 .text.HAL_PCD_EP_Close
                0x0800219e       0x70 build/stm32f4xx_hal_pcd.o
                0x0800219e                HAL_PCD_EP_Close
 .text.HAL_PCD_EP_Receive
                0x0800220e       0x4a build/stm32f4xx_hal_pcd.o
                0x0800220e                HAL_PCD_EP_Receive
 .text.HAL_PCD_EP_GetRxCount
                0x08002258       0x12 build/stm32f4xx_hal_pcd.o
                0x08002258                HAL_PCD_EP_GetRxCount
 .text.HAL_PCD_EP_Transmit
                0x0800226a       0x4a build/stm32f4xx_hal_pcd.o
                0x0800226a                HAL_PCD_EP_Transmit
 .text.HAL_PCD_EP_SetStall
                0x080022b4       0x86 build/stm32f4xx_hal_pcd.o
                0x080022b4                HAL_PCD_EP_SetStall
 .text.HAL_PCD_EP_ClrStall
                0x0800233a       0x74 build/stm32f4xx_hal_pcd.o
                0x0800233a                HAL_PCD_EP_ClrStall
 .text.HAL_PCD_EP_Abort
                0x080023ae       0x34 build/stm32f4xx_hal_pcd.o
                0x080023ae                HAL_PCD_EP_Abort
 .text.HAL_PCD_IRQHandler
                0x080023e2      0x5c0 build/stm32f4xx_hal_pcd.o
                0x080023e2                HAL_PCD_IRQHandler
 .text.HAL_PCDEx_SetTxFiFo
                0x080029a2       0x4c build/stm32f4xx_hal_pcd_ex.o
                0x080029a2                HAL_PCDEx_SetTxFiFo
 .text.HAL_PCDEx_SetRxFiFo
                0x080029ee        0x8 build/stm32f4xx_hal_pcd_ex.o
                0x080029ee                HAL_PCDEx_SetRxFiFo
 .text.HAL_PCDEx_LPM_Callback
                0x080029f6        0x2 build/stm32f4xx_hal_pcd_ex.o
                0x080029f6                HAL_PCDEx_LPM_Callback
 .text.USB_CoreReset
                0x080029f8       0x4a build/stm32f4xx_ll_usb.o
 .text.USB_CoreInit
                0x08002a42       0x92 build/stm32f4xx_ll_usb.o
                0x08002a42                USB_CoreInit
 .text.USB_SetTurnaroundTime
                0x08002ad4       0xe4 build/stm32f4xx_ll_usb.o
                0x08002ad4                USB_SetTurnaroundTime
 .text.USB_EnableGlobalInt
                0x08002bb8        0xc build/stm32f4xx_ll_usb.o
                0x08002bb8                USB_EnableGlobalInt
 .text.USB_DisableGlobalInt
                0x08002bc4        0xc build/stm32f4xx_ll_usb.o
                0x08002bc4                USB_DisableGlobalInt
 .text.USB_FlushTxFifo
                0x08002bd0       0x4a build/stm32f4xx_ll_usb.o
                0x08002bd0                USB_FlushTxFifo
 .text.USB_FlushRxFifo
                0x08002c1a       0x46 build/stm32f4xx_ll_usb.o
                0x08002c1a                USB_FlushRxFifo
 .text.USB_SetDevSpeed
                0x08002c60        0xe build/stm32f4xx_ll_usb.o
                0x08002c60                USB_SetDevSpeed
 *fill*         0x08002c6e        0x2 
 .text.USB_DevInit
                0x08002c70      0x194 build/stm32f4xx_ll_usb.o
                0x08002c70                USB_DevInit
 .text.USB_GetDevSpeed
                0x08002e04       0x22 build/stm32f4xx_ll_usb.o
                0x08002e04                USB_GetDevSpeed
 .text.USB_ActivateEndpoint
                0x08002e26       0x9a build/stm32f4xx_ll_usb.o
                0x08002e26                USB_ActivateEndpoint
 .text.USB_DeactivateEndpoint
                0x08002ec0       0xe0 build/stm32f4xx_ll_usb.o
                0x08002ec0                USB_DeactivateEndpoint
 .text.USB_EPStopXfer
                0x08002fa0       0xbe build/stm32f4xx_ll_usb.o
                0x08002fa0                USB_EPStopXfer
 .text.USB_WritePacket
                0x0800305e       0x2e build/stm32f4xx_ll_usb.o
                0x0800305e                USB_WritePacket
 .text.USB_EPStartXfer
                0x0800308c      0x238 build/stm32f4xx_ll_usb.o
                0x0800308c                USB_EPStartXfer
 .text.USB_ReadPacket
                0x080032c4       0x46 build/stm32f4xx_ll_usb.o
                0x080032c4                USB_ReadPacket
 .text.USB_EPSetStall
                0x0800330a       0x5a build/stm32f4xx_ll_usb.o
                0x0800330a                USB_EPSetStall
 .text.USB_EPClearStall
                0x08003364       0x5c build/stm32f4xx_ll_usb.o
                0x08003364                USB_EPClearStall
 .text.USB_SetDevAddress
                0x080033c0       0x20 build/stm32f4xx_ll_usb.o
                0x080033c0                USB_SetDevAddress
 .text.USB_DevConnect
                0x080033e0       0x1c build/stm32f4xx_ll_usb.o
                0x080033e0                USB_DevConnect
 .text.USB_DevDisconnect
                0x080033fc       0x1c build/stm32f4xx_ll_usb.o
                0x080033fc                USB_DevDisconnect
 .text.USB_ReadInterrupts
                0x08003418        0x8 build/stm32f4xx_ll_usb.o
                0x08003418                USB_ReadInterrupts
 .text.USB_ReadDevAllOutEpInterrupt
                0x08003420       0x10 build/stm32f4xx_ll_usb.o
                0x08003420                USB_ReadDevAllOutEpInterrupt
 .text.USB_ReadDevAllInEpInterrupt
                0x08003430       0x10 build/stm32f4xx_ll_usb.o
                0x08003430                USB_ReadDevAllInEpInterrupt
 .text.USB_ReadDevOutEPInterrupt
                0x08003440       0x12 build/stm32f4xx_ll_usb.o
                0x08003440                USB_ReadDevOutEPInterrupt
 .text.USB_ReadDevInEPInterrupt
                0x08003452       0x24 build/stm32f4xx_ll_usb.o
                0x08003452                USB_ReadDevInEPInterrupt
 .text.USB_GetMode
                0x08003476        0x8 build/stm32f4xx_ll_usb.o
                0x08003476                USB_GetMode
 .text.USB_SetCurrentMode
                0x0800347e       0x62 build/stm32f4xx_ll_usb.o
                0x0800347e                USB_SetCurrentMode
 .text.USB_ActivateSetup
                0x080034e0       0x1c build/stm32f4xx_ll_usb.o
                0x080034e0                USB_ActivateSetup
 .text.USB_EP0_OutStart
                0x080034fc       0x60 build/stm32f4xx_ll_usb.o
                0x080034fc                USB_EP0_OutStart
 .text.HAL_RCC_OscConfig
                0x0800355c      0x3f8 build/stm32f4xx_hal_rcc.o
                0x0800355c                HAL_RCC_OscConfig
 .text.HAL_RCC_EnableCSS
                0x08003954        0xc build/stm32f4xx_hal_rcc.o
                0x08003954                HAL_RCC_EnableCSS
 .text.HAL_RCC_GetSysClockFreq
                0x08003960       0xa8 build/stm32f4xx_hal_rcc.o
                0x08003960                HAL_RCC_GetSysClockFreq
 .text.HAL_RCC_ClockConfig
                0x08003a08      0x160 build/stm32f4xx_hal_rcc.o
                0x08003a08                HAL_RCC_ClockConfig
 .text.HAL_RCC_GetHCLKFreq
                0x08003b68        0xc build/stm32f4xx_hal_rcc.o
                0x08003b68                HAL_RCC_GetHCLKFreq
 .text.HAL_RCC_GetPCLK1Freq
                0x08003b74       0x20 build/stm32f4xx_hal_rcc.o
                0x08003b74                HAL_RCC_GetPCLK1Freq
 .text.HAL_RCC_GetPCLK2Freq
                0x08003b94       0x20 build/stm32f4xx_hal_rcc.o
                0x08003b94                HAL_RCC_GetPCLK2Freq
 .text.HAL_RCC_GetClockConfig
                0x08003bb4       0x3c build/stm32f4xx_hal_rcc.o
                0x08003bb4                HAL_RCC_GetClockConfig
 .text.HAL_RCC_CSSCallback
                0x08003bf0        0x2 build/stm32f4xx_hal_rcc.o
                0x08003bf0                HAL_RCC_CSSCallback
 *fill*         0x08003bf2        0x2 
 .text.HAL_RCC_NMI_IRQHandler
                0x08003bf4       0x20 build/stm32f4xx_hal_rcc.o
                0x08003bf4                HAL_RCC_NMI_IRQHandler
 .text.HAL_RCCEx_PeriphCLKConfig
                0x08003c14      0x154 build/stm32f4xx_hal_rcc_ex.o
                0x08003c14                HAL_RCCEx_PeriphCLKConfig
 .text.HAL_GPIO_Init
                0x08003d68      0x1ec build/stm32f4xx_hal_gpio.o
                0x08003d68                HAL_GPIO_Init
 .text.HAL_GPIO_WritePin
                0x08003f54        0xc build/stm32f4xx_hal_gpio.o
                0x08003f54                HAL_GPIO_WritePin
 .text.HAL_GPIO_EXTI_Callback
                0x08003f60        0x2 build/stm32f4xx_hal_gpio.o
                0x08003f60                HAL_GPIO_EXTI_Callback
 *fill*         0x08003f62        0x2 
 .text.HAL_GPIO_EXTI_IRQHandler
                0x08003f64       0x1c build/stm32f4xx_hal_gpio.o
                0x08003f64                HAL_GPIO_EXTI_IRQHandler
 .text.DMA_CalcBaseAndBitshift
                0x08003f80       0x3c build/stm32f4xx_hal_dma.o
 .text.DMA_CheckFifoParam
                0x08003fbc       0x8e build/stm32f4xx_hal_dma.o
 *fill*         0x0800404a        0x2 
 .text.HAL_DMA_Init
                0x0800404c       0xcc build/stm32f4xx_hal_dma.o
                0x0800404c                HAL_DMA_Init
 .text.HAL_DMA_Abort
                0x08004118       0x94 build/stm32f4xx_hal_dma.o
                0x08004118                HAL_DMA_Abort
 .text.HAL_DMA_Abort_IT
                0x080041ac       0x26 build/stm32f4xx_hal_dma.o
                0x080041ac                HAL_DMA_Abort_IT
 *fill*         0x080041d2        0x2 
 .text.HAL_DMA_IRQHandler
                0x080041d4      0x1dc build/stm32f4xx_hal_dma.o
                0x080041d4                HAL_DMA_IRQHandler
 .text.__NVIC_EnableIRQ
                0x080043b0       0x1c build/stm32f4xx_hal_cortex.o
 .text.__NVIC_SetPriority
                0x080043cc       0x28 build/stm32f4xx_hal_cortex.o
 .text.NVIC_EncodePriority
                0x080043f4       0x3e build/stm32f4xx_hal_cortex.o
 *fill*         0x08004432        0x2 
 .text.HAL_NVIC_SetPriorityGrouping
                0x08004434       0x24 build/stm32f4xx_hal_cortex.o
                0x08004434                HAL_NVIC_SetPriorityGrouping
 .text.HAL_NVIC_SetPriority
                0x08004458       0x20 build/stm32f4xx_hal_cortex.o
                0x08004458                HAL_NVIC_SetPriority
 .text.HAL_NVIC_EnableIRQ
                0x08004478        0x8 build/stm32f4xx_hal_cortex.o
                0x08004478                HAL_NVIC_EnableIRQ
 .text.HAL_Init
                0x08004480       0x34 build/stm32f4xx_hal.o
                0x08004480                HAL_Init
 .text.HAL_IncTick
                0x080044b4       0x18 build/stm32f4xx_hal.o
                0x080044b4                HAL_IncTick
 .text.HAL_GetTick
                0x080044cc        0xc build/stm32f4xx_hal.o
                0x080044cc                HAL_GetTick
 .text.HAL_Delay
                0x080044d8       0x28 build/stm32f4xx_hal.o
                0x080044d8                HAL_Delay
 .text.ADC_Init
                0x08004500      0x134 build/stm32f4xx_hal_adc.o
 .text.HAL_ADC_Init
                0x08004634       0x56 build/stm32f4xx_hal_adc.o
                0x08004634                HAL_ADC_Init
 *fill*         0x0800468a        0x2 
 .text.HAL_ADC_ConfigChannel
                0x0800468c      0x194 build/stm32f4xx_hal_adc.o
                0x0800468c                HAL_ADC_ConfigChannel
 .text.HAL_CAN_Init
                0x08004820      0x14c build/stm32f4xx_hal_can.o
                0x08004820                HAL_CAN_Init
 .text.HAL_CRC_Init
                0x0800496c       0x1e build/stm32f4xx_hal_crc.o
                0x0800496c                HAL_CRC_Init
 *fill*         0x0800498a        0x2 
 .text.HAL_I2C_Init
                0x0800498c      0x1bc build/stm32f4xx_hal_i2c.o
                0x0800498c                HAL_I2C_Init
 .text.HAL_RNG_Init
                0x08004b48       0x2e build/stm32f4xx_hal_rng.o
                0x08004b48                HAL_RNG_Init
 *fill*         0x08004b76        0x2 
 .text.HAL_RTC_WaitForSynchro
                0x08004b78       0x34 build/stm32f4xx_hal_rtc.o
                0x08004b78                HAL_RTC_WaitForSynchro
 .text.RTC_EnterInitMode
                0x08004bac       0x46 build/stm32f4xx_hal_rtc.o
                0x08004bac                RTC_EnterInitMode
 .text.RTC_ExitInitMode
                0x08004bf2       0x2a build/stm32f4xx_hal_rtc.o
                0x08004bf2                RTC_ExitInitMode
 .text.HAL_RTC_Init
                0x08004c1c       0x9e build/stm32f4xx_hal_rtc.o
                0x08004c1c                HAL_RTC_Init
 .text.HAL_SPI_Init
                0x08004cba       0xbe build/stm32f4xx_hal_spi.o
                0x08004cba                HAL_SPI_Init
 .text.TIM_OC1_SetConfig
                0x08004d78       0x70 build/stm32f4xx_hal_tim.o
 .text.TIM_OC3_SetConfig
                0x08004de8       0x70 build/stm32f4xx_hal_tim.o
 .text.TIM_OC4_SetConfig
                0x08004e58       0x50 build/stm32f4xx_hal_tim.o
 .text.TIM_TI1_ConfigInputStage
                0x08004ea8       0x26 build/stm32f4xx_hal_tim.o
 .text.TIM_TI2_ConfigInputStage
                0x08004ece       0x28 build/stm32f4xx_hal_tim.o
 .text.TIM_ITRx_SetConfig
                0x08004ef6       0x10 build/stm32f4xx_hal_tim.o
 *fill*         0x08004f06        0x2 
 .text.HAL_TIM_Base_Start_IT
                0x08004f08       0x88 build/stm32f4xx_hal_tim.o
                0x08004f08                HAL_TIM_Base_Start_IT
 .text.HAL_TIM_PWM_MspInit
                0x08004f90        0x2 build/stm32f4xx_hal_tim.o
                0x08004f90                HAL_TIM_PWM_MspInit
 .text.HAL_TIM_OC_DelayElapsedCallback
                0x08004f92        0x2 build/stm32f4xx_hal_tim.o
                0x08004f92                HAL_TIM_OC_DelayElapsedCallback
 .text.HAL_TIM_IC_CaptureCallback
                0x08004f94        0x2 build/stm32f4xx_hal_tim.o
                0x08004f94                HAL_TIM_IC_CaptureCallback
 .text.HAL_TIM_PWM_PulseFinishedCallback
                0x08004f96        0x2 build/stm32f4xx_hal_tim.o
                0x08004f96                HAL_TIM_PWM_PulseFinishedCallback
 .text.HAL_TIM_TriggerCallback
                0x08004f98        0x2 build/stm32f4xx_hal_tim.o
                0x08004f98                HAL_TIM_TriggerCallback
 .text.HAL_TIM_IRQHandler
                0x08004f9a      0x15e build/stm32f4xx_hal_tim.o
                0x08004f9a                HAL_TIM_IRQHandler
 .text.TIM_Base_SetConfig
                0x080050f8       0xd8 build/stm32f4xx_hal_tim.o
                0x080050f8                TIM_Base_SetConfig
 .text.HAL_TIM_Base_Init
                0x080051d0       0x58 build/stm32f4xx_hal_tim.o
                0x080051d0                HAL_TIM_Base_Init
 .text.HAL_TIM_PWM_Init
                0x08005228       0x58 build/stm32f4xx_hal_tim.o
                0x08005228                HAL_TIM_PWM_Init
 .text.TIM_OC2_SetConfig
                0x08005280       0x70 build/stm32f4xx_hal_tim.o
                0x08005280                TIM_OC2_SetConfig
 .text.HAL_TIM_PWM_ConfigChannel
                0x080052f0       0xdc build/stm32f4xx_hal_tim.o
                0x080052f0                HAL_TIM_PWM_ConfigChannel
 .text.TIM_ETR_SetConfig
                0x080053cc       0x1a build/stm32f4xx_hal_tim.o
                0x080053cc                TIM_ETR_SetConfig
 .text.HAL_TIM_ConfigClockSource
                0x080053e6       0xfe build/stm32f4xx_hal_tim.o
                0x080053e6                HAL_TIM_ConfigClockSource
 .text.HAL_TIMEx_MasterConfigSynchronization
                0x080054e4       0x8c build/stm32f4xx_hal_tim_ex.o
                0x080054e4                HAL_TIMEx_MasterConfigSynchronization
 .text.HAL_TIMEx_ConfigBreakDeadTime
                0x08005570       0x52 build/stm32f4xx_hal_tim_ex.o
                0x08005570                HAL_TIMEx_ConfigBreakDeadTime
 .text.HAL_TIMEx_CommutCallback
                0x080055c2        0x2 build/stm32f4xx_hal_tim_ex.o
                0x080055c2                HAL_TIMEx_CommutCallback
 .text.HAL_TIMEx_BreakCallback
                0x080055c4        0x2 build/stm32f4xx_hal_tim_ex.o
                0x080055c4                HAL_TIMEx_BreakCallback
 .text.UART_EndRxTransfer
                0x080055c6       0x5c build/stm32f4xx_hal_uart.o
 .text.UART_Transmit_IT
                0x08005622       0x60 build/stm32f4xx_hal_uart.o
 *fill*         0x08005682        0x2 
 .text.UART_SetConfig
                0x08005684      0x110 build/stm32f4xx_hal_uart.o
 .text.HAL_UART_Init
                0x08005794       0x60 build/stm32f4xx_hal_uart.o
                0x08005794                HAL_UART_Init
 .text.HAL_UART_TxCpltCallback
                0x080057f4        0x2 build/stm32f4xx_hal_uart.o
                0x080057f4                HAL_UART_TxCpltCallback
 .text.UART_EndTransmit_IT
                0x080057f6       0x1a build/stm32f4xx_hal_uart.o
 .text.HAL_UART_RxCpltCallback
                0x08005810        0x2 build/stm32f4xx_hal_uart.o
                0x08005810                HAL_UART_RxCpltCallback
 .text.HAL_UART_ErrorCallback
                0x08005812        0x2 build/stm32f4xx_hal_uart.o
                0x08005812                HAL_UART_ErrorCallback
 .text.UART_DMAAbortOnError
                0x08005814       0x10 build/stm32f4xx_hal_uart.o
 .text.HAL_UARTEx_RxEventCallback
                0x08005824        0x2 build/stm32f4xx_hal_uart.o
                0x08005824                HAL_UARTEx_RxEventCallback
 .text.UART_Receive_IT
                0x08005826       0xe6 build/stm32f4xx_hal_uart.o
 .text.HAL_UART_IRQHandler
                0x0800590c      0x284 build/stm32f4xx_hal_uart.o
                0x0800590c                HAL_UART_IRQHandler
 .text.SystemInit
                0x08005b90       0x14 build/system_stm32f4xx.o
                0x08005b90                SystemInit
 .text.vListInitialise
                0x08005ba4       0x16 build/list.o
                0x08005ba4                vListInitialise
 .text.vListInitialiseItem
                0x08005bba        0x6 build/list.o
                0x08005bba                vListInitialiseItem
 .text.vListInsertEnd
                0x08005bc0       0x16 build/list.o
                0x08005bc0                vListInsertEnd
 .text.vListInsert
                0x08005bd6       0x32 build/list.o
                0x08005bd6                vListInsert
 .text.uxListRemove
                0x08005c08       0x26 build/list.o
                0x08005c08                uxListRemove
 .text.prvIsQueueFull
                0x08005c2e       0x1e build/queue.o
 .text.prvIsQueueEmpty
                0x08005c4c       0x1a build/queue.o
 .text.prvCopyDataToQueue
                0x08005c66       0x76 build/queue.o
 .text.prvCopyDataFromQueue
                0x08005cdc       0x24 build/queue.o
 .text.prvUnlockQueue
                0x08005d00       0x6e build/queue.o
 .text.xQueueGenericReset
                0x08005d6e       0x84 build/queue.o
                0x08005d6e                xQueueGenericReset
 .text.prvInitialiseNewQueue
                0x08005df2       0x22 build/queue.o
 .text.xQueueGenericCreateStatic
                0x08005e14       0x94 build/queue.o
                0x08005e14                xQueueGenericCreateStatic
 .text.xQueueGenericSend
                0x08005ea8      0x188 build/queue.o
                0x08005ea8                xQueueGenericSend
 .text.xQueueGenericSendFromISR
                0x08006030       0xce build/queue.o
                0x08006030                xQueueGenericSendFromISR
 .text.xQueueReceive
                0x080060fe      0x15e build/queue.o
                0x080060fe                xQueueReceive
 .text.vQueueAddToRegistry
                0x0800625c       0x28 build/queue.o
                0x0800625c                vQueueAddToRegistry
 .text.vQueueWaitForMessageRestricted
                0x08006284       0x52 build/queue.o
                0x08006284                vQueueWaitForMessageRestricted
 *fill*         0x080062d6        0x2 
 .text.prvGetExpectedIdleTime
                0x080062d8       0x40 build/tasks.o
 .text.prvResetNextTaskUnblockTime
                0x08006318       0x2c build/tasks.o
 .text.prvInitialiseNewTask
                0x08006344      0x104 build/tasks.o
 .text.prvInitialiseTaskLists
                0x08006448       0x68 build/tasks.o
 .text.prvAddNewTaskToReadyList
                0x080064b0       0xac build/tasks.o
 .text.prvDeleteTCB
                0x0800655c       0x40 build/tasks.o
 .text.prvCheckTasksWaitingTermination
                0x0800659c       0x4c build/tasks.o
 .text.prvAddCurrentTaskToDelayedList
                0x080065e8       0x7c build/tasks.o
 .text.xTaskCreateStatic
                0x08006664       0x7a build/tasks.o
                0x08006664                xTaskCreateStatic
 .text.xTaskCreate
                0x080066de       0x66 build/tasks.o
                0x080066de                xTaskCreate
 .text.vTaskStartScheduler
                0x08006744       0xac build/tasks.o
                0x08006744                vTaskStartScheduler
 .text.vTaskSuspendAll
                0x080067f0       0x10 build/tasks.o
                0x080067f0                vTaskSuspendAll
 .text.xTaskGetTickCount
                0x08006800        0xc build/tasks.o
                0x08006800                xTaskGetTickCount
 .text.vTaskStepTick
                0x0800680c       0x34 build/tasks.o
                0x0800680c                vTaskStepTick
 .text.xTaskIncrementTick
                0x08006840      0x118 build/tasks.o
                0x08006840                xTaskIncrementTick
 .text.xTaskResumeAll
                0x08006958       0xf8 build/tasks.o
                0x08006958                xTaskResumeAll
 .text.vTaskDelay
                0x08006a50       0x4c build/tasks.o
                0x08006a50                vTaskDelay
 .text.prvIdleTask
                0x08006a9c       0x70 build/tasks.o
 .text.vTaskSwitchContext
                0x08006b0c       0xa4 build/tasks.o
                0x08006b0c                vTaskSwitchContext
 .text.vTaskPlaceOnEventList
                0x08006bb0       0x30 build/tasks.o
                0x08006bb0                vTaskPlaceOnEventList
 .text.vTaskPlaceOnEventListRestricted
                0x08006be0       0x38 build/tasks.o
                0x08006be0                vTaskPlaceOnEventListRestricted
 .text.xTaskRemoveFromEventList
                0x08006c18       0x90 build/tasks.o
                0x08006c18                xTaskRemoveFromEventList
 .text.vTaskInternalSetTimeOutState
                0x08006ca8       0x18 build/tasks.o
                0x08006ca8                vTaskInternalSetTimeOutState
 .text.xTaskCheckForTimeOut
                0x08006cc0       0x84 build/tasks.o
                0x08006cc0                xTaskCheckForTimeOut
 .text.vTaskMissedYield
                0x08006d44        0xc build/tasks.o
                0x08006d44                vTaskMissedYield
 .text.eTaskConfirmSleepModeStatus
                0x08006d50       0x3c build/tasks.o
                0x08006d50                eTaskConfirmSleepModeStatus
 .text.xTaskGetSchedulerState
                0x08006d8c       0x20 build/tasks.o
                0x08006d8c                xTaskGetSchedulerState
 .text.xTaskPriorityDisinherit
                0x08006dac       0x90 build/tasks.o
                0x08006dac                xTaskPriorityDisinherit
 .text.prvGetNextExpireTime
                0x08006e3c       0x20 build/timers.o
 .text.prvInsertTimerInActiveList
                0x08006e5c       0x48 build/timers.o
 .text.prvCheckForValidListAndQueue
                0x08006ea4       0x70 build/timers.o
 .text.xTimerCreateTimerTask
                0x08006f14       0x64 build/timers.o
                0x08006f14                xTimerCreateTimerTask
 .text.xTimerGenericCommand
                0x08006f78       0x6c build/timers.o
                0x08006f78                xTimerGenericCommand
 .text.prvSwitchTimerLists
                0x08006fe4       0x7c build/timers.o
 .text.prvSampleTimeNow
                0x08007060       0x2c build/timers.o
 .text.prvProcessExpiredTimer
                0x0800708c       0x6c build/timers.o
 .text.prvProcessTimerOrBlockTask
                0x080070f8       0x74 build/timers.o
 .text.prvProcessReceivedCommands
                0x0800716c      0x10c build/timers.o
 .text.prvTimerTask
                0x08007278       0x16 build/timers.o
 .text.SysTick_Handler
                0x0800728e       0x18 build/cmsis_os2.o
                0x0800728e                SysTick_Handler
 *fill*         0x080072a6        0x2 
 .text.osKernelInitialize
                0x080072a8       0x24 build/cmsis_os2.o
                0x080072a8                osKernelInitialize
 .text.osKernelStart
                0x080072cc       0x38 build/cmsis_os2.o
                0x080072cc                osKernelStart
 .text.osThreadNew
                0x08007304       0xbe build/cmsis_os2.o
                0x08007304                osThreadNew
 .text.osDelay  0x080073c2       0x1c build/cmsis_os2.o
                0x080073c2                osDelay
 *fill*         0x080073de        0x2 
 .text.vApplicationGetIdleTaskMemory
                0x080073e0       0x18 build/cmsis_os2.o
                0x080073e0                vApplicationGetIdleTaskMemory
 .text.vApplicationGetTimerTaskMemory
                0x080073f8       0x18 build/cmsis_os2.o
                0x080073f8                vApplicationGetTimerTaskMemory
 .text.prvHeapInit
                0x08007410       0x64 build/heap_4.o
 .text.prvInsertBlockIntoFreeList
                0x08007474       0x64 build/heap_4.o
 .text.pvPortMalloc
                0x080074d8      0x104 build/heap_4.o
                0x080074d8                pvPortMalloc
 .text.vPortFree
                0x080075dc       0x7c build/heap_4.o
                0x080075dc                vPortFree
 .text.prvTaskExitError
                0x08007658       0x40 build/port.o
 .text.prvPortStartFirstTask
                0x08007698       0x28 build/port.o
 .text.vPortEnableVFP
                0x080076c0       0x14 build/port.o
 .text.pxPortInitialiseStack
                0x080076d4       0x2c build/port.o
                0x080076d4                pxPortInitialiseStack
 .text.SVC_Handler
                0x08007700       0x24 build/port.o
                0x08007700                SVC_Handler
 .text.vPortEnterCritical
                0x08007724       0x44 build/port.o
                0x08007724                vPortEnterCritical
 .text.vPortExitCritical
                0x08007768       0x2c build/port.o
                0x08007768                vPortExitCritical
 *fill*         0x08007794        0xc 
 .text.PendSV_Handler
                0x080077a0       0x64 build/port.o
                0x080077a0                PendSV_Handler
 .text.xPortSysTickHandler
                0x08007804       0x2c build/port.o
                0x08007804                xPortSysTickHandler
 .text.vPortSuppressTicksAndSleep
                0x08007830      0x104 build/port.o
                0x08007830                vPortSuppressTicksAndSleep
 .text.vPortSetupTimerInterrupt
                0x08007934       0x54 build/port.o
                0x08007934                vPortSetupTimerInterrupt
 .text.xPortStartScheduler
                0x08007988      0x118 build/port.o
                0x08007988                xPortStartScheduler
 .text.vPortValidateInterruptPriority
                0x08007aa0       0x5c build/port.o
                0x08007aa0                vPortValidateInterruptPriority
 .text.USBD_Init
                0x08007afc       0x2e build/usbd_core.o
                0x08007afc                USBD_Init
 .text.USBD_RegisterClass
                0x08007b2a       0x34 build/usbd_core.o
                0x08007b2a                USBD_RegisterClass
 .text.USBD_Start
                0x08007b5e        0x8 build/usbd_core.o
                0x08007b5e                USBD_Start
 .text.USBD_SetClassConfig
                0x08007b66       0x12 build/usbd_core.o
                0x08007b66                USBD_SetClassConfig
 .text.USBD_ClrClassConfig
                0x08007b78       0x12 build/usbd_core.o
                0x08007b78                USBD_ClrClassConfig
 .text.USBD_LL_SetupStage
                0x08007b8a       0x58 build/usbd_core.o
                0x08007b8a                USBD_LL_SetupStage
 .text.USBD_LL_Reset
                0x08007be2       0x64 build/usbd_core.o
                0x08007be2                USBD_LL_Reset
 .text.USBD_LL_SetSpeed
                0x08007c46        0x6 build/usbd_core.o
                0x08007c46                USBD_LL_SetSpeed
 .text.USBD_LL_Suspend
                0x08007c4c       0x1e build/usbd_core.o
                0x08007c4c                USBD_LL_Suspend
 .text.USBD_LL_Resume
                0x08007c6a       0x1a build/usbd_core.o
                0x08007c6a                USBD_LL_Resume
 .text.USBD_LL_SOF
                0x08007c84       0x22 build/usbd_core.o
                0x08007c84                USBD_LL_SOF
 .text.USBD_LL_IsoINIncomplete
                0x08007ca6       0x2e build/usbd_core.o
                0x08007ca6                USBD_LL_IsoINIncomplete
 .text.USBD_LL_IsoOUTIncomplete
                0x08007cd4       0x2e build/usbd_core.o
                0x08007cd4                USBD_LL_IsoOUTIncomplete
 .text.USBD_LL_DevConnected
                0x08007d02        0x4 build/usbd_core.o
                0x08007d02                USBD_LL_DevConnected
 .text.USBD_LL_DevDisconnected
                0x08007d06       0x20 build/usbd_core.o
                0x08007d06                USBD_LL_DevDisconnected
 .text.USBD_CoreFindIF
                0x08007d26        0x4 build/usbd_core.o
                0x08007d26                USBD_CoreFindIF
 .text.USBD_CoreFindEP
                0x08007d2a        0x4 build/usbd_core.o
                0x08007d2a                USBD_CoreFindEP
 .text.USBD_LL_DataOutStage
                0x08007d2e       0xc4 build/usbd_core.o
                0x08007d2e                USBD_LL_DataOutStage
 .text.USBD_LL_DataInStage
                0x08007df2       0xd6 build/usbd_core.o
                0x08007df2                USBD_LL_DataInStage
 .text.USBD_GetNextDesc
                0x08007ec8        0xe build/usbd_core.o
                0x08007ec8                USBD_GetNextDesc
 .text.USBD_GetEpDesc
                0x08007ed6       0x3e build/usbd_core.o
                0x08007ed6                USBD_GetEpDesc
 .text.USBD_GetLen
                0x08007f14       0x14 build/usbd_ctlreq.o
 .text.USBD_ParseSetupRequest
                0x08007f28       0x28 build/usbd_ctlreq.o
                0x08007f28                USBD_ParseSetupRequest
 .text.USBD_CtlError
                0x08007f50       0x14 build/usbd_ctlreq.o
                0x08007f50                USBD_CtlError
 .text.USBD_GetDescriptor
                0x08007f64      0x18a build/usbd_ctlreq.o
 .text.USBD_SetAddress
                0x080080ee       0x50 build/usbd_ctlreq.o
 *fill*         0x0800813e        0x2 
 .text.USBD_SetConfig
                0x08008140       0xcc build/usbd_ctlreq.o
 .text.USBD_GetConfig
                0x0800820c       0x40 build/usbd_ctlreq.o
 .text.USBD_GetStatus
                0x0800824c       0x38 build/usbd_ctlreq.o
 .text.USBD_SetFeature
                0x08008284       0x2a build/usbd_ctlreq.o
 .text.USBD_ClrFeature
                0x080082ae       0x26 build/usbd_ctlreq.o
 .text.USBD_StdDevReq
                0x080082d4       0x76 build/usbd_ctlreq.o
                0x080082d4                USBD_StdDevReq
 .text.USBD_StdItfReq
                0x0800834a       0x84 build/usbd_ctlreq.o
                0x0800834a                USBD_StdItfReq
 .text.USBD_StdEPReq
                0x080083ce      0x230 build/usbd_ctlreq.o
                0x080083ce                USBD_StdEPReq
 .text.USBD_GetString
                0x080085fe       0x3a build/usbd_ctlreq.o
                0x080085fe                USBD_GetString
 .text.USBD_CtlSendData
                0x08008638       0x1a build/usbd_ioreq.o
                0x08008638                USBD_CtlSendData
 .text.USBD_CtlContinueSendData
                0x08008652       0x10 build/usbd_ioreq.o
                0x08008652                USBD_CtlContinueSendData
 .text.USBD_CtlPrepareRx
                0x08008662       0x1e build/usbd_ioreq.o
                0x08008662                USBD_CtlPrepareRx
 .text.USBD_CtlContinueRx
                0x08008680       0x10 build/usbd_ioreq.o
                0x08008680                USBD_CtlContinueRx
 .text.USBD_CtlSendStatus
                0x08008690       0x16 build/usbd_ioreq.o
                0x08008690                USBD_CtlSendStatus
 .text.USBD_CtlReceiveStatus
                0x080086a6       0x16 build/usbd_ioreq.o
                0x080086a6                USBD_CtlReceiveStatus
 .text.USBD_CDC_EP0_RxReady
                0x080086bc       0x40 build/usbd_cdc.o
 .text.USBD_CDC_GetDeviceQualifierDescriptor
                0x080086fc        0xc build/usbd_cdc.o
                0x080086fc                USBD_CDC_GetDeviceQualifierDescriptor
 .text.USBD_CDC_GetOtherSpeedCfgDesc
                0x08008708       0x48 build/usbd_cdc.o
 .text.USBD_CDC_GetFSCfgDesc
                0x08008750       0x48 build/usbd_cdc.o
 .text.USBD_CDC_GetHSCfgDesc
                0x08008798       0x48 build/usbd_cdc.o
 .text.USBD_CDC_DataOut
                0x080087e0       0x38 build/usbd_cdc.o
 .text.USBD_CDC_DataIn
                0x08008818       0x7c build/usbd_cdc.o
 .text.USBD_CDC_Setup
                0x08008894      0x11a build/usbd_cdc.o
 .text.USBD_CDC_DeInit
                0x080089ae       0x64 build/usbd_cdc.o
 .text.USBD_CDC_Init
                0x08008a12       0xee build/usbd_cdc.o
 .text.USBD_CDC_RegisterInterface
                0x08008b00       0x16 build/usbd_cdc.o
                0x08008b00                USBD_CDC_RegisterInterface
 .text.USBD_CDC_SetTxBuffer
                0x08008b16       0x1c build/usbd_cdc.o
                0x08008b16                USBD_CDC_SetTxBuffer
 .text.USBD_CDC_SetRxBuffer
                0x08008b32       0x18 build/usbd_cdc.o
                0x08008b32                USBD_CDC_SetRxBuffer
 .text.USBD_CDC_ReceivePacket
                0x08008b4a       0x38 build/usbd_cdc.o
                0x08008b4a                USBD_CDC_ReceivePacket
 *fill*         0x08008b82        0x2 
 .text.Reset_Handler
                0x08008b84       0x50 build/startup_stm32f407xx.o
                0x08008b84                Reset_Handler
 .text.Default_Handler
                0x08008bd4        0x2 build/startup_stm32f407xx.o
                0x08008bd4                RTC_Alarm_IRQHandler
                0x08008bd4                HASH_RNG_IRQHandler
                0x08008bd4                EXTI2_IRQHandler
                0x08008bd4                TIM8_CC_IRQHandler
                0x08008bd4                TIM1_CC_IRQHandler
                0x08008bd4                DMA1_Stream5_IRQHandler
                0x08008bd4                PVD_IRQHandler
                0x08008bd4                SDIO_IRQHandler
                0x08008bd4                TAMP_STAMP_IRQHandler
                0x08008bd4                CAN2_RX1_IRQHandler
                0x08008bd4                TIM1_UP_TIM10_IRQHandler
                0x08008bd4                TIM8_UP_TIM13_IRQHandler
                0x08008bd4                I2C3_ER_IRQHandler
                0x08008bd4                I2C2_EV_IRQHandler
                0x08008bd4                CAN1_RX0_IRQHandler
                0x08008bd4                FPU_IRQHandler
                0x08008bd4                OTG_HS_WKUP_IRQHandler
                0x08008bd4                CAN2_SCE_IRQHandler
                0x08008bd4                SPI1_IRQHandler
                0x08008bd4                TIM6_DAC_IRQHandler
                0x08008bd4                TIM1_BRK_TIM9_IRQHandler
                0x08008bd4                DCMI_IRQHandler
                0x08008bd4                CAN2_RX0_IRQHandler
                0x08008bd4                USART3_IRQHandler
                0x08008bd4                CAN1_RX1_IRQHandler
                0x08008bd4                UART5_IRQHandler
                0x08008bd4                TIM4_IRQHandler
                0x08008bd4                I2C1_EV_IRQHandler
                0x08008bd4                DMA1_Stream6_IRQHandler
                0x08008bd4                UART4_IRQHandler
                0x08008bd4                TIM3_IRQHandler
                0x08008bd4                RCC_IRQHandler
                0x08008bd4                TIM8_BRK_TIM12_IRQHandler
                0x08008bd4                Default_Handler
                0x08008bd4                EXTI15_10_IRQHandler
                0x08008bd4                ADC_IRQHandler
                0x08008bd4                TIM7_IRQHandler
                0x08008bd4                CAN2_TX_IRQHandler
                0x08008bd4                TIM5_IRQHandler
                0x08008bd4                I2C3_EV_IRQHandler
                0x08008bd4                RTC_WKUP_IRQHandler
                0x08008bd4                ETH_WKUP_IRQHandler
                0x08008bd4                SPI2_IRQHandler
                0x08008bd4                OTG_HS_EP1_IN_IRQHandler
                0x08008bd4                DMA1_Stream0_IRQHandler
                0x08008bd4                CAN1_TX_IRQHandler
                0x08008bd4                FSMC_IRQHandler
                0x08008bd4                ETH_IRQHandler
                0x08008bd4                OTG_HS_EP1_OUT_IRQHandler
                0x08008bd4                WWDG_IRQHandler
                0x08008bd4                TIM2_IRQHandler
                0x08008bd4                OTG_FS_WKUP_IRQHandler
                0x08008bd4                TIM1_TRG_COM_TIM11_IRQHandler
                0x08008bd4                OTG_HS_IRQHandler
                0x08008bd4                EXTI1_IRQHandler
                0x08008bd4                USART2_IRQHandler
                0x08008bd4                I2C2_ER_IRQHandler
                0x08008bd4                CAN1_SCE_IRQHandler
                0x08008bd4                FLASH_IRQHandler
                0x08008bd4                DMA2_Stream4_IRQHandler
                0x08008bd4                SPI3_IRQHandler
                0x08008bd4                I2C1_ER_IRQHandler
                0x08008bd4                DMA1_Stream3_IRQHandler
 .text.memset   0x08008bd6       0x10 D:/Applications/arm-gnu-toolchain-13.2.Rel1-mingw-w64-i686-arm-none-eabi/bin/../lib/gcc/arm-none-eabi/13.2.1/thumb/v7e-m+fp/hard\libc_nano.a(libc_a-memset.o)
                0x08008bd6                memset
 *fill*         0x08008be6        0x2 
 .text._reclaim_reent
                0x08008be8       0xac D:/Applications/arm-gnu-toolchain-13.2.Rel1-mingw-w64-i686-arm-none-eabi/bin/../lib/gcc/arm-none-eabi/13.2.1/thumb/v7e-m+fp/hard\libc_nano.a(libc_a-reent.o)
                0x08008be8                _reclaim_reent
 .text.__libc_init_array
                0x08008c94       0x48 D:/Applications/arm-gnu-toolchain-13.2.Rel1-mingw-w64-i686-arm-none-eabi/bin/../lib/gcc/arm-none-eabi/13.2.1/thumb/v7e-m+fp/hard\libc_nano.a(libc_a-init.o)
                0x08008c94                __libc_init_array
 .text.__retarget_lock_acquire_recursive
                0x08008cdc        0x2 D:/Applications/arm-gnu-toolchain-13.2.Rel1-mingw-w64-i686-arm-none-eabi/bin/../lib/gcc/arm-none-eabi/13.2.1/thumb/v7e-m+fp/hard\libc_nano.a(libc_a-lock.o)
                0x08008cdc                __retarget_lock_acquire_recursive
 .text.__retarget_lock_release_recursive
                0x08008cde        0x2 D:/Applications/arm-gnu-toolchain-13.2.Rel1-mingw-w64-i686-arm-none-eabi/bin/../lib/gcc/arm-none-eabi/13.2.1/thumb/v7e-m+fp/hard\libc_nano.a(libc_a-lock.o)
                0x08008cde                __retarget_lock_release_recursive
 .text.memcpy   0x08008ce0       0x1c D:/Applications/arm-gnu-toolchain-13.2.Rel1-mingw-w64-i686-arm-none-eabi/bin/../lib/gcc/arm-none-eabi/13.2.1/thumb/v7e-m+fp/hard\libc_nano.a(libc_a-memcpy-stub.o)
                0x08008ce0                memcpy
 .text._free_r  0x08008cfc       0x94 D:/Applications/arm-gnu-toolchain-13.2.Rel1-mingw-w64-i686-arm-none-eabi/bin/../lib/gcc/arm-none-eabi/13.2.1/thumb/v7e-m+fp/hard\libc_nano.a(libc_a-freer.o)
                0x08008cfc                _free_r
 .text.__malloc_lock
                0x08008d90        0xc D:/Applications/arm-gnu-toolchain-13.2.Rel1-mingw-w64-i686-arm-none-eabi/bin/../lib/gcc/arm-none-eabi/13.2.1/thumb/v7e-m+fp/hard\libc_nano.a(libc_a-mlock.o)
                0x08008d90                __malloc_lock
 .text.__malloc_unlock
                0x08008d9c        0xc D:/Applications/arm-gnu-toolchain-13.2.Rel1-mingw-w64-i686-arm-none-eabi/bin/../lib/gcc/arm-none-eabi/13.2.1/thumb/v7e-m+fp/hard\libc_nano.a(libc_a-mlock.o)
                0x08008d9c                __malloc_unlock
 .text.__udivmoddi4
                0x08008da8      0x2bc D:/Applications/arm-gnu-toolchain-13.2.Rel1-mingw-w64-i686-arm-none-eabi/bin/../lib/gcc/arm-none-eabi/13.2.1/thumb/v7e-m+fp/hard\libgcc.a(_udivmoddi4.o)
                0x08008da8                __udivmoddi4
 *(.glue_7)
 .glue_7        0x08009064        0x0 linker stubs
 *(.glue_7t)
 .glue_7t       0x08009064        0x0 linker stubs
 *(.eh_frame)
 .eh_frame      0x08009064        0x0 D:/Applications/arm-gnu-toolchain-13.2.Rel1-mingw-w64-i686-arm-none-eabi/bin/../lib/gcc/arm-none-eabi/13.2.1/thumb/v7e-m+fp/hard/crtbegin.o
 *(.init)
 .init          0x08009064        0x4 D:/Applications/arm-gnu-toolchain-13.2.Rel1-mingw-w64-i686-arm-none-eabi/bin/../lib/gcc/arm-none-eabi/13.2.1/thumb/v7e-m+fp/hard/crti.o
                0x08009064                _init
 .init          0x08009068        0x8 D:/Applications/arm-gnu-toolchain-13.2.Rel1-mingw-w64-i686-arm-none-eabi/bin/../lib/gcc/arm-none-eabi/13.2.1/thumb/v7e-m+fp/hard/crtn.o
 *(.fini)
 .fini          0x08009070        0x4 D:/Applications/arm-gnu-toolchain-13.2.Rel1-mingw-w64-i686-arm-none-eabi/bin/../lib/gcc/arm-none-eabi/13.2.1/thumb/v7e-m+fp/hard/crti.o
                0x08009070                _fini
 .fini          0x08009074        0x8 D:/Applications/arm-gnu-toolchain-13.2.Rel1-mingw-w64-i686-arm-none-eabi/bin/../lib/gcc/arm-none-eabi/13.2.1/thumb/v7e-m+fp/hard/crtn.o
                0x0800907c                        . = ALIGN (0x4)
                0x0800907c                        _etext = .

.vfp11_veneer   0x0800907c        0x0
 .vfp11_veneer  0x0800907c        0x0 linker stubs

.v4_bx          0x0800907c        0x0
 .v4_bx         0x0800907c        0x0 linker stubs

.iplt           0x0800907c        0x0
 .iplt          0x0800907c        0x0 D:/Applications/arm-gnu-toolchain-13.2.Rel1-mingw-w64-i686-arm-none-eabi/bin/../lib/gcc/arm-none-eabi/13.2.1/thumb/v7e-m+fp/hard/crtbegin.o

.rodata         0x0800907c       0xb8
                0x0800907c                        . = ALIGN (0x4)
 *(.rodata)
 *(.rodata*)
 .rodata.str1.4
                0x0800907c       0x74 build/freertos.o
                                  0x9 (size before relaxing)
 .rodata.initTask_attributes
                0x080090f0       0x24 build/freertos.o
                0x080090f0                initTask_attributes
 .rodata.USBD_FS_ProductStrDescriptor.str1.4
                0x08009114       0x1d build/usbd_desc.o
 .rodata.USBD_FS_ManufacturerStrDescriptor.str1.4
                0x08009114       0x13 build/usbd_desc.o
 .rodata.USBD_FS_ConfigStrDescriptor.str1.4
                0x08009114        0xb build/usbd_desc.o
 .rodata.USBD_FS_InterfaceStrDescriptor.str1.4
                0x08009114        0xe build/usbd_desc.o
 .rodata.flagBitshiftOffset.0
                0x08009114        0x8 build/stm32f4xx_hal_dma.o
 .rodata.APBPrescTable
                0x0800911c        0x8 build/system_stm32f4xx.o
                0x0800911c                APBPrescTable
 .rodata.AHBPrescTable
                0x08009124       0x10 build/system_stm32f4xx.o
                0x08009124                AHBPrescTable
 .rodata.vTaskStartScheduler.str1.4
                0x08009134        0x5 build/tasks.o
 .rodata.prvCheckForValidListAndQueue.str1.4
                0x08009134        0x5 build/timers.o
 .rodata.xTimerCreateTimerTask.str1.4
                0x08009134        0x8 build/timers.o
                0x0800913c                        . = ALIGN (0x4)

.ARM.extab
 *(.ARM.extab* .gnu.linkonce.armextab.*)

.ARM            0x08009134        0x8
                0x08009134                        __exidx_start = .
 *(.ARM.exidx*)
 .ARM.exidx.text.__udivmoddi4
                0x08009134        0x8 D:/Applications/arm-gnu-toolchain-13.2.Rel1-mingw-w64-i686-arm-none-eabi/bin/../lib/gcc/arm-none-eabi/13.2.1/thumb/v7e-m+fp/hard\libgcc.a(_udivmoddi4.o)
                0x0800913c                        __exidx_end = .

.rel.dyn        0x0800913c        0x0
 .rel.iplt      0x0800913c        0x0 D:/Applications/arm-gnu-toolchain-13.2.Rel1-mingw-w64-i686-arm-none-eabi/bin/../lib/gcc/arm-none-eabi/13.2.1/thumb/v7e-m+fp/hard/crtbegin.o

.preinit_array  0x0800913c        0x0
                0x0800913c                        PROVIDE (__preinit_array_start = .)
 *(.preinit_array*)
                0x0800913c                        PROVIDE (__preinit_array_end = .)

.init_array     0x0800913c        0x4
                0x0800913c                        PROVIDE (__init_array_start = .)
 *(SORT_BY_NAME(.init_array.*))
 *(.init_array*)
 .init_array    0x0800913c        0x4 D:/Applications/arm-gnu-toolchain-13.2.Rel1-mingw-w64-i686-arm-none-eabi/bin/../lib/gcc/arm-none-eabi/13.2.1/thumb/v7e-m+fp/hard/crtbegin.o
                0x08009140                        PROVIDE (__init_array_end = .)

.fini_array     0x08009140        0x4
                [!provide]                        PROVIDE (__fini_array_start = .)
 *(SORT_BY_NAME(.fini_array.*))
 *(.fini_array*)
 .fini_array    0x08009140        0x4 D:/Applications/arm-gnu-toolchain-13.2.Rel1-mingw-w64-i686-arm-none-eabi/bin/../lib/gcc/arm-none-eabi/13.2.1/thumb/v7e-m+fp/hard/crtbegin.o
                [!provide]                        PROVIDE (__fini_array_end = .)
                0x08009144                        _sidata = LOADADDR (.data)

.data           0x20000000      0x14c load address 0x08009144
                0x20000000                        . = ALIGN (0x4)
                0x20000000                        _sdata = .
 *(.data)
 *(.data*)
 .data.USBD_StringSerial
                0x20000000       0x1a build/usbd_desc.o
                0x20000000                USBD_StringSerial
 *fill*         0x2000001a        0x2 
 .data.USBD_LangIDDesc
                0x2000001c        0x4 build/usbd_desc.o
                0x2000001c                USBD_LangIDDesc
 .data.USBD_FS_DeviceDesc
                0x20000020       0x12 build/usbd_desc.o
                0x20000020                USBD_FS_DeviceDesc
 *fill*         0x20000032        0x2 
 .data.FS_Desc  0x20000034       0x1c build/usbd_desc.o
                0x20000034                FS_Desc
 .data.USBD_Interface_fops_FS
                0x20000050       0x14 build/usbd_cdc_if.o
                0x20000050                USBD_Interface_fops_FS
 .data.uwTickFreq
                0x20000064        0x1 build/stm32f4xx_hal.o
                0x20000064                uwTickFreq
 *fill*         0x20000065        0x3 
 .data.uwTickPrio
                0x20000068        0x4 build/stm32f4xx_hal.o
                0x20000068                uwTickPrio
 .data.SystemCoreClock
                0x2000006c        0x4 build/system_stm32f4xx.o
                0x2000006c                SystemCoreClock
 .data.uxCriticalNesting
                0x20000070        0x4 build/port.o
 .data.USBD_CDC_CfgDesc
                0x20000074       0x43 build/usbd_cdc.o
 *fill*         0x200000b7        0x1 
 .data.USBD_CDC
                0x200000b8       0x38 build/usbd_cdc.o
                0x200000b8                USBD_CDC
 .data.USBD_CDC_DeviceQualifierDesc
                0x200000f0        0xa build/usbd_cdc.o
 *fill*         0x200000fa        0x2 
 .data._impure_ptr
                0x200000fc        0x4 D:/Applications/arm-gnu-toolchain-13.2.Rel1-mingw-w64-i686-arm-none-eabi/bin/../lib/gcc/arm-none-eabi/13.2.1/thumb/v7e-m+fp/hard\libc_nano.a(libc_a-impure.o)
                0x200000fc                _impure_ptr
 .data._impure_data
                0x20000100       0x4c D:/Applications/arm-gnu-toolchain-13.2.Rel1-mingw-w64-i686-arm-none-eabi/bin/../lib/gcc/arm-none-eabi/13.2.1/thumb/v7e-m+fp/hard\libc_nano.a(libc_a-impure.o)
                0x20000100                _impure_data
                0x2000014c                        . = ALIGN (0x4)
                0x2000014c                        _edata = .
                0x08009290                        _siccmram = LOADADDR (.ccmram)

.tm_clone_table
                0x2000014c        0x0 load address 0x08009290
 .tm_clone_table
                0x2000014c        0x0 D:/Applications/arm-gnu-toolchain-13.2.Rel1-mingw-w64-i686-arm-none-eabi/bin/../lib/gcc/arm-none-eabi/13.2.1/thumb/v7e-m+fp/hard/crtbegin.o
 .tm_clone_table
                0x2000014c        0x0 D:/Applications/arm-gnu-toolchain-13.2.Rel1-mingw-w64-i686-arm-none-eabi/bin/../lib/gcc/arm-none-eabi/13.2.1/thumb/v7e-m+fp/hard/crtend.o

.igot.plt       0x2000014c        0x0 load address 0x08009290
 .igot.plt      0x2000014c        0x0 D:/Applications/arm-gnu-toolchain-13.2.Rel1-mingw-w64-i686-arm-none-eabi/bin/../lib/gcc/arm-none-eabi/13.2.1/thumb/v7e-m+fp/hard/crtbegin.o

.ccmram         0x10000000        0x0 load address 0x08009290
                0x10000000                        . = ALIGN (0x4)
                0x10000000                        _sccmram = .
 *(.ccmram)
 *(.ccmram*)
                0x10000000                        . = ALIGN (0x4)
                0x10000000                        _eccmram = .
                0x10000000                        . = ALIGN (0x4)

.bss            0x20000150     0x7114
                0x20000150                        _sbss = .
                0x20000150                        __bss_start__ = _sbss
 *(.bss)
 *(.bss*)
 .bss.completed.1
                0x20000150        0x1 D:/Applications/arm-gnu-toolchain-13.2.Rel1-mingw-w64-i686-arm-none-eabi/bin/../lib/gcc/arm-none-eabi/13.2.1/thumb/v7e-m+fp/hard/crtbegin.o
 *fill*         0x20000151        0x3 
 .bss.object.0  0x20000154       0x18 D:/Applications/arm-gnu-toolchain-13.2.Rel1-mingw-w64-i686-arm-none-eabi/bin/../lib/gcc/arm-none-eabi/13.2.1/thumb/v7e-m+fp/hard/crtbegin.o
 .bss.initTaskHandle
                0x2000016c        0x4 build/freertos.o
                0x2000016c                initTaskHandle
 .bss.hdma_adc3
                0x20000170       0x60 build/adc.o
                0x20000170                hdma_adc3
 .bss.hadc3     0x200001d0       0x48 build/adc.o
                0x200001d0                hadc3
 .bss.HAL_RCC_CAN1_CLK_ENABLED
                0x20000218        0x4 build/can.o
 .bss.hcan2     0x2000021c       0x28 build/can.o
                0x2000021c                hcan2
 .bss.hcan1     0x20000244       0x28 build/can.o
                0x20000244                hcan1
 .bss.hcrc      0x2000026c        0x8 build/crc.o
                0x2000026c                hcrc
 .bss.hdma_i2c3_tx
                0x20000274       0x60 build/i2c.o
                0x20000274                hdma_i2c3_tx
 .bss.hdma_i2c3_rx
                0x200002d4       0x60 build/i2c.o
                0x200002d4                hdma_i2c3_rx
 .bss.hi2c3     0x20000334       0x54 build/i2c.o
                0x20000334                hi2c3
 .bss.hrng      0x20000388       0x10 build/rng.o
                0x20000388                hrng
 .bss.hrtc      0x20000398       0x20 build/rtc.o
                0x20000398                hrtc
 .bss.hdma_spi1_tx
                0x200003b8       0x60 build/spi.o
                0x200003b8                hdma_spi1_tx
 .bss.hdma_spi1_rx
                0x20000418       0x60 build/spi.o
                0x20000418                hdma_spi1_rx
 .bss.hspi1     0x20000478       0x58 build/spi.o
                0x20000478                hspi1
 .bss.hdma_tim4_ch3
                0x200004d0       0x60 build/tim.o
                0x200004d0                hdma_tim4_ch3
 .bss.htim10    0x20000530       0x48 build/tim.o
                0x20000530                htim10
 .bss.htim8     0x20000578       0x48 build/tim.o
                0x20000578                htim8
 .bss.htim4     0x200005c0       0x48 build/tim.o
                0x200005c0                htim4
 .bss.htim3     0x20000608       0x48 build/tim.o
                0x20000608                htim3
 .bss.htim1     0x20000650       0x48 build/tim.o
                0x20000650                htim1
 .bss.hdma_usart6_tx
                0x20000698       0x60 build/usart.o
                0x20000698                hdma_usart6_tx
 .bss.hdma_usart6_rx
                0x200006f8       0x60 build/usart.o
                0x200006f8                hdma_usart6_rx
 .bss.hdma_usart3_rx
                0x20000758       0x60 build/usart.o
                0x20000758                hdma_usart3_rx
 .bss.hdma_usart1_tx
                0x200007b8       0x60 build/usart.o
                0x200007b8                hdma_usart1_tx
 .bss.hdma_usart1_rx
                0x20000818       0x60 build/usart.o
                0x20000818                hdma_usart1_rx
 .bss.huart6    0x20000878       0x48 build/usart.o
                0x20000878                huart6
 .bss.huart3    0x200008c0       0x48 build/usart.o
                0x200008c0                huart3
 .bss.huart1    0x20000908       0x48 build/usart.o
                0x20000908                huart1
 .bss.htim14    0x20000950       0x48 build/stm32f4xx_hal_timebase_tim.o
                0x20000950                htim14
 .bss.hUsbDeviceFS
                0x20000998      0x2dc build/usb_device.o
                0x20000998                hUsbDeviceFS
 .bss.USBD_StrDesc
                0x20000c74      0x200 build/usbd_desc.o
                0x20000c74                USBD_StrDesc
 .bss.UserTxBufferFS
                0x20000e74      0x800 build/usbd_cdc_if.o
                0x20000e74                UserTxBufferFS
 .bss.UserRxBufferFS
                0x20001674      0x800 build/usbd_cdc_if.o
                0x20001674                UserRxBufferFS
 .bss.mem.0     0x20001e74      0x220 build/usbd_conf.o
 .bss.hpcd_USB_OTG_FS
                0x20002094      0x4e4 build/usbd_conf.o
                0x20002094                hpcd_USB_OTG_FS
 .bss.uwTick    0x20002578        0x4 build/stm32f4xx_hal.o
                0x20002578                uwTick
 .bss.xQueueRegistry
                0x2000257c       0x40 build/queue.o
                0x2000257c                xQueueRegistry
 .bss.uxSchedulerSuspended
                0x200025bc        0x4 build/tasks.o
 .bss.xIdleTaskHandle
                0x200025c0        0x4 build/tasks.o
 .bss.xNextTaskUnblockTime
                0x200025c4        0x4 build/tasks.o
 .bss.uxTaskNumber
                0x200025c8        0x4 build/tasks.o
 .bss.xNumOfOverflows
                0x200025cc        0x4 build/tasks.o
 .bss.xYieldPending
                0x200025d0        0x4 build/tasks.o
 .bss.xPendedTicks
                0x200025d4        0x4 build/tasks.o
 .bss.xSchedulerRunning
                0x200025d8        0x4 build/tasks.o
 .bss.uxTopReadyPriority
                0x200025dc        0x4 build/tasks.o
 .bss.xTickCount
                0x200025e0        0x4 build/tasks.o
 .bss.uxCurrentNumberOfTasks
                0x200025e4        0x4 build/tasks.o
 .bss.xSuspendedTaskList
                0x200025e8       0x14 build/tasks.o
 .bss.uxDeletedTasksWaitingCleanUp
                0x200025fc        0x4 build/tasks.o
 .bss.xTasksWaitingTermination
                0x20002600       0x14 build/tasks.o
 .bss.xPendingReadyList
                0x20002614       0x14 build/tasks.o
 .bss.pxOverflowDelayedTaskList
                0x20002628        0x4 build/tasks.o
 .bss.pxDelayedTaskList
                0x2000262c        0x4 build/tasks.o
 .bss.xDelayedTaskList2
                0x20002630       0x14 build/tasks.o
 .bss.xDelayedTaskList1
                0x20002644       0x14 build/tasks.o
 .bss.pxReadyTasksLists
                0x20002658      0x460 build/tasks.o
 .bss.pxCurrentTCB
                0x20002ab8        0x4 build/tasks.o
                0x20002ab8                pxCurrentTCB
 .bss.xStaticTimerQueue.0
                0x20002abc       0x50 build/timers.o
 .bss.ucStaticTimerQueueStorage.1
                0x20002b0c       0xa0 build/timers.o
 .bss.xLastTime.2
                0x20002bac        0x4 build/timers.o
 .bss.xTimerTaskHandle
                0x20002bb0        0x4 build/timers.o
 .bss.xTimerQueue
                0x20002bb4        0x4 build/timers.o
 .bss.pxOverflowTimerList
                0x20002bb8        0x4 build/timers.o
 .bss.pxCurrentTimerList
                0x20002bbc        0x4 build/timers.o
 .bss.xActiveTimerList2
                0x20002bc0       0x14 build/timers.o
 .bss.xActiveTimerList1
                0x20002bd4       0x14 build/timers.o
 .bss.Timer_Stack.0
                0x20002be8      0x400 build/cmsis_os2.o
 .bss.Timer_TCB.1
                0x20002fe8      0x180 build/cmsis_os2.o
 .bss.Idle_Stack.2
                0x20003168      0x200 build/cmsis_os2.o
 .bss.Idle_TCB.3
                0x20003368      0x180 build/cmsis_os2.o
 .bss.KernelState
                0x200034e8        0x4 build/cmsis_os2.o
 .bss.xBlockAllocatedBit
                0x200034ec        0x4 build/heap_4.o
 .bss.xNumberOfSuccessfulFrees
                0x200034f0        0x4 build/heap_4.o
 .bss.xNumberOfSuccessfulAllocations
                0x200034f4        0x4 build/heap_4.o
 .bss.xMinimumEverFreeBytesRemaining
                0x200034f8        0x4 build/heap_4.o
 .bss.xFreeBytesRemaining
                0x200034fc        0x4 build/heap_4.o
 .bss.pxEnd     0x20003500        0x4 build/heap_4.o
 .bss.xStart    0x20003504        0x8 build/heap_4.o
 .bss.ucHeap    0x2000350c     0x3c00 build/heap_4.o
 .bss.ulMaxPRIGROUPValue
                0x2000710c        0x4 build/port.o
 .bss.ucMaxSysCallPriority
                0x20007110        0x1 build/port.o
 *fill*         0x20007111        0x3 
 .bss.ulStoppedTimerCompensation
                0x20007114        0x4 build/port.o
 .bss.xMaximumPossibleSuppressedTicks
                0x20007118        0x4 build/port.o
 .bss.ulTimerCountsForOneTick
                0x2000711c        0x4 build/port.o
 .bss.cfgidx.0  0x20007120        0x1 build/usbd_ctlreq.o
 *fill*         0x20007121        0x3 
 .bss.__sf      0x20007124      0x138 D:/Applications/arm-gnu-toolchain-13.2.Rel1-mingw-w64-i686-arm-none-eabi/bin/../lib/gcc/arm-none-eabi/13.2.1/thumb/v7e-m+fp/hard\libc_nano.a(libc_a-findfp.o)
                0x20007124                __sf
 .bss.__lock___malloc_recursive_mutex
                0x2000725c        0x1 D:/Applications/arm-gnu-toolchain-13.2.Rel1-mingw-w64-i686-arm-none-eabi/bin/../lib/gcc/arm-none-eabi/13.2.1/thumb/v7e-m+fp/hard\libc_nano.a(libc_a-lock.o)
                0x2000725c                __lock___malloc_recursive_mutex
 *fill*         0x2000725d        0x3 
 .bss.__malloc_free_list
                0x20007260        0x4 D:/Applications/arm-gnu-toolchain-13.2.Rel1-mingw-w64-i686-arm-none-eabi/bin/../lib/gcc/arm-none-eabi/13.2.1/thumb/v7e-m+fp/hard\libc_nano.a(libc_a-mallocr.o)
                0x20007260                __malloc_free_list
 *(COMMON)
                0x20007264                        . = ALIGN (0x4)
                0x20007264                        _ebss = .
                0x20007264                        __bss_end__ = _ebss

._user_heap_stack
                0x20007264    0x10004
                0x20007268                        . = ALIGN (0x8)
 *fill*         0x20007264        0x4 
                [!provide]                        PROVIDE (end = .)
                0x20007268                        PROVIDE (_end = .)
                0x2000f268                        . = (. + _Min_Heap_Size)
 *fill*         0x20007268     0x8000 
                0x20017268                        . = (. + _Min_Stack_Size)
 *fill*         0x2000f268     0x8000 
                0x20017268                        . = ALIGN (0x8)

/DISCARD/
 libc.a(*)
 libm.a(*)
 libgcc.a(*)

.ARM.attributes
                0x00000000       0x30
 *(.ARM.attributes)
 .ARM.attributes
                0x00000000       0x22 D:/Applications/arm-gnu-toolchain-13.2.Rel1-mingw-w64-i686-arm-none-eabi/bin/../lib/gcc/arm-none-eabi/13.2.1/thumb/v7e-m+fp/hard/crti.o
 .ARM.attributes
                0x00000022       0x34 D:/Applications/arm-gnu-toolchain-13.2.Rel1-mingw-w64-i686-arm-none-eabi/bin/../lib/gcc/arm-none-eabi/13.2.1/thumb/v7e-m+fp/hard/crtbegin.o
 .ARM.attributes
                0x00000056       0x34 build/main.o
 .ARM.attributes
                0x0000008a       0x34 build/gpio.o
 .ARM.attributes
                0x000000be       0x34 build/freertos.o
 .ARM.attributes
                0x000000f2       0x34 build/adc.o
 .ARM.attributes
                0x00000126       0x34 build/can.o
 .ARM.attributes
                0x0000015a       0x34 build/crc.o
 .ARM.attributes
                0x0000018e       0x34 build/dma.o
 .ARM.attributes
                0x000001c2       0x34 build/i2c.o
 .ARM.attributes
                0x000001f6       0x34 build/rng.o
 .ARM.attributes
                0x0000022a       0x34 build/rtc.o
 .ARM.attributes
                0x0000025e       0x34 build/spi.o
 .ARM.attributes
                0x00000292       0x34 build/tim.o
 .ARM.attributes
                0x000002c6       0x34 build/usart.o
 .ARM.attributes
                0x000002fa       0x34 build/stm32f4xx_it.o
 .ARM.attributes
                0x0000032e       0x34 build/stm32f4xx_hal_msp.o
 .ARM.attributes
                0x00000362       0x34 build/stm32f4xx_hal_timebase_tim.o
 .ARM.attributes
                0x00000396       0x34 build/usb_device.o
 .ARM.attributes
                0x000003ca       0x34 build/usbd_desc.o
 .ARM.attributes
                0x000003fe       0x34 build/usbd_cdc_if.o
 .ARM.attributes
                0x00000432       0x34 build/usbd_conf.o
 .ARM.attributes
                0x00000466       0x34 build/stm32f4xx_hal_pcd.o
 .ARM.attributes
                0x0000049a       0x34 build/stm32f4xx_hal_pcd_ex.o
 .ARM.attributes
                0x000004ce       0x34 build/stm32f4xx_ll_usb.o
 .ARM.attributes
                0x00000502       0x34 build/stm32f4xx_hal_rcc.o
 .ARM.attributes
                0x00000536       0x34 build/stm32f4xx_hal_rcc_ex.o
 .ARM.attributes
                0x0000056a       0x34 build/stm32f4xx_hal_gpio.o
 .ARM.attributes
                0x0000059e       0x34 build/stm32f4xx_hal_dma.o
 .ARM.attributes
                0x000005d2       0x34 build/stm32f4xx_hal_cortex.o
 .ARM.attributes
                0x00000606       0x34 build/stm32f4xx_hal.o
 .ARM.attributes
                0x0000063a       0x34 build/stm32f4xx_hal_adc.o
 .ARM.attributes
                0x0000066e       0x34 build/stm32f4xx_hal_can.o
 .ARM.attributes
                0x000006a2       0x34 build/stm32f4xx_hal_crc.o
 .ARM.attributes
                0x000006d6       0x34 build/stm32f4xx_hal_i2c.o
 .ARM.attributes
                0x0000070a       0x34 build/stm32f4xx_hal_rng.o
 .ARM.attributes
                0x0000073e       0x34 build/stm32f4xx_hal_rtc.o
 .ARM.attributes
                0x00000772       0x34 build/stm32f4xx_hal_spi.o
 .ARM.attributes
                0x000007a6       0x34 build/stm32f4xx_hal_tim.o
 .ARM.attributes
                0x000007da       0x34 build/stm32f4xx_hal_tim_ex.o
 .ARM.attributes
                0x0000080e       0x34 build/stm32f4xx_hal_uart.o
 .ARM.attributes
                0x00000842       0x34 build/system_stm32f4xx.o
 .ARM.attributes
                0x00000876       0x34 build/list.o
 .ARM.attributes
                0x000008aa       0x34 build/queue.o
 .ARM.attributes
                0x000008de       0x34 build/tasks.o
 .ARM.attributes
                0x00000912       0x34 build/timers.o
 .ARM.attributes
                0x00000946       0x34 build/cmsis_os2.o
 .ARM.attributes
                0x0000097a       0x34 build/heap_4.o
 .ARM.attributes
                0x000009ae       0x34 build/port.o
 .ARM.attributes
                0x000009e2       0x34 build/usbd_core.o
 .ARM.attributes
                0x00000a16       0x34 build/usbd_ctlreq.o
 .ARM.attributes
                0x00000a4a       0x34 build/usbd_ioreq.o
 .ARM.attributes
                0x00000a7e       0x34 build/usbd_cdc.o
 .ARM.attributes
                0x00000ab2       0x21 build/startup_stm32f407xx.o
 .ARM.attributes
                0x00000ad3       0x34 D:/Applications/arm-gnu-toolchain-13.2.Rel1-mingw-w64-i686-arm-none-eabi/bin/../lib/gcc/arm-none-eabi/13.2.1/thumb/v7e-m+fp/hard\libc_nano.a(libc_a-findfp.o)
 .ARM.attributes
                0x00000b07       0x34 D:/Applications/arm-gnu-toolchain-13.2.Rel1-mingw-w64-i686-arm-none-eabi/bin/../lib/gcc/arm-none-eabi/13.2.1/thumb/v7e-m+fp/hard\libc_nano.a(libc_a-memset.o)
 .ARM.attributes
                0x00000b3b       0x34 D:/Applications/arm-gnu-toolchain-13.2.Rel1-mingw-w64-i686-arm-none-eabi/bin/../lib/gcc/arm-none-eabi/13.2.1/thumb/v7e-m+fp/hard\libc_nano.a(libc_a-reent.o)
 .ARM.attributes
                0x00000b6f       0x34 D:/Applications/arm-gnu-toolchain-13.2.Rel1-mingw-w64-i686-arm-none-eabi/bin/../lib/gcc/arm-none-eabi/13.2.1/thumb/v7e-m+fp/hard\libc_nano.a(libc_a-impure.o)
 .ARM.attributes
                0x00000ba3       0x34 D:/Applications/arm-gnu-toolchain-13.2.Rel1-mingw-w64-i686-arm-none-eabi/bin/../lib/gcc/arm-none-eabi/13.2.1/thumb/v7e-m+fp/hard\libc_nano.a(libc_a-init.o)
 .ARM.attributes
                0x00000bd7       0x34 D:/Applications/arm-gnu-toolchain-13.2.Rel1-mingw-w64-i686-arm-none-eabi/bin/../lib/gcc/arm-none-eabi/13.2.1/thumb/v7e-m+fp/hard\libc_nano.a(libc_a-lock.o)
 .ARM.attributes
                0x00000c0b       0x34 D:/Applications/arm-gnu-toolchain-13.2.Rel1-mingw-w64-i686-arm-none-eabi/bin/../lib/gcc/arm-none-eabi/13.2.1/thumb/v7e-m+fp/hard\libc_nano.a(libc_a-memcpy-stub.o)
 .ARM.attributes
                0x00000c3f       0x34 D:/Applications/arm-gnu-toolchain-13.2.Rel1-mingw-w64-i686-arm-none-eabi/bin/../lib/gcc/arm-none-eabi/13.2.1/thumb/v7e-m+fp/hard\libc_nano.a(libc_a-freer.o)
 .ARM.attributes
                0x00000c73       0x34 D:/Applications/arm-gnu-toolchain-13.2.Rel1-mingw-w64-i686-arm-none-eabi/bin/../lib/gcc/arm-none-eabi/13.2.1/thumb/v7e-m+fp/hard\libc_nano.a(libc_a-mallocr.o)
 .ARM.attributes
                0x00000ca7       0x34 D:/Applications/arm-gnu-toolchain-13.2.Rel1-mingw-w64-i686-arm-none-eabi/bin/../lib/gcc/arm-none-eabi/13.2.1/thumb/v7e-m+fp/hard\libc_nano.a(libc_a-mlock.o)
 .ARM.attributes
                0x00000cdb       0x22 D:/Applications/arm-gnu-toolchain-13.2.Rel1-mingw-w64-i686-arm-none-eabi/bin/../lib/gcc/arm-none-eabi/13.2.1/thumb/v7e-m+fp/hard\libgcc.a(_aeabi_uldivmod.o)
 .ARM.attributes
                0x00000cfd       0x34 D:/Applications/arm-gnu-toolchain-13.2.Rel1-mingw-w64-i686-arm-none-eabi/bin/../lib/gcc/arm-none-eabi/13.2.1/thumb/v7e-m+fp/hard\libgcc.a(_udivmoddi4.o)
 .ARM.attributes
                0x00000d31       0x22 D:/Applications/arm-gnu-toolchain-13.2.Rel1-mingw-w64-i686-arm-none-eabi/bin/../lib/gcc/arm-none-eabi/13.2.1/thumb/v7e-m+fp/hard\libgcc.a(_dvmd_tls.o)
 .ARM.attributes
                0x00000d53       0x34 D:/Applications/arm-gnu-toolchain-13.2.Rel1-mingw-w64-i686-arm-none-eabi/bin/../lib/gcc/arm-none-eabi/13.2.1/thumb/v7e-m+fp/hard/crtend.o
 .ARM.attributes
                0x00000d87       0x22 D:/Applications/arm-gnu-toolchain-13.2.Rel1-mingw-w64-i686-arm-none-eabi/bin/../lib/gcc/arm-none-eabi/13.2.1/thumb/v7e-m+fp/hard/crtn.o
OUTPUT(build/sentry.elf elf32-littlearm)
LOAD linker stubs
LOAD D:/Applications/arm-gnu-toolchain-13.2.Rel1-mingw-w64-i686-arm-none-eabi/bin/../lib/gcc/arm-none-eabi/13.2.1/thumb/v7e-m+fp/hard\libc.a
LOAD D:/Applications/arm-gnu-toolchain-13.2.Rel1-mingw-w64-i686-arm-none-eabi/bin/../lib/gcc/arm-none-eabi/13.2.1/thumb/v7e-m+fp/hard\libm.a
LOAD D:/Applications/arm-gnu-toolchain-13.2.Rel1-mingw-w64-i686-arm-none-eabi/bin/../lib/gcc/arm-none-eabi/13.2.1/thumb/v7e-m+fp/hard\libgcc.a

.debug_info     0x00000000    0x40d67
 .debug_info    0x00000000      0xebf build/main.o
 .debug_info    0x00000ebf      0x9cd build/gpio.o
 .debug_info    0x0000188c      0x46d build/freertos.o
 .debug_info    0x00001cf9      0xc39 build/adc.o
 .debug_info    0x00002932      0xae8 build/can.o
 .debug_info    0x0000341a      0x503 build/crc.o
 .debug_info    0x0000391d      0x77d build/dma.o
 .debug_info    0x0000409a      0xc78 build/i2c.o
 .debug_info    0x00004d12      0x4cc build/rng.o
 .debug_info    0x000051de      0x650 build/rtc.o
 .debug_info    0x0000582e      0xc55 build/spi.o
 .debug_info    0x00006483     0x1a0f build/tim.o
 .debug_info    0x00007e92     0x1178 build/usart.o
 .debug_info    0x0000900a     0x139f build/stm32f4xx_it.o
 .debug_info    0x0000a3a9      0x55a build/stm32f4xx_hal_msp.o
 .debug_info    0x0000a903      0xde4 build/stm32f4xx_hal_timebase_tim.o
 .debug_info    0x0000b6e7      0x894 build/usb_device.o
 .debug_info    0x0000bf7b      0x668 build/usbd_desc.o
 .debug_info    0x0000c5e3      0xaf2 build/usbd_cdc_if.o
 .debug_info    0x0000d0d5     0x24b4 build/usbd_conf.o
 .debug_info    0x0000f589     0x1f37 build/stm32f4xx_hal_pcd.o
 .debug_info    0x000114c0      0x7cb build/stm32f4xx_hal_pcd_ex.o
 .debug_info    0x00011c8b     0x2202 build/stm32f4xx_ll_usb.o
 .debug_info    0x00013e8d      0xc0a build/stm32f4xx_hal_rcc.o
 .debug_info    0x00014a97      0x700 build/stm32f4xx_hal_rcc_ex.o
 .debug_info    0x00015197      0x848 build/stm32f4xx_hal_gpio.o
 .debug_info    0x000159df      0xbce build/stm32f4xx_hal_dma.o
 .debug_info    0x000165ad     0x11a5 build/stm32f4xx_hal_cortex.o
 .debug_info    0x00017752      0xafa build/stm32f4xx_hal.o
 .debug_info    0x0001824c     0x1045 build/stm32f4xx_hal_adc.o
 .debug_info    0x00019291     0x13d6 build/stm32f4xx_hal_can.o
 .debug_info    0x0001a667      0x428 build/stm32f4xx_hal_crc.o
 .debug_info    0x0001aa8f     0x3c10 build/stm32f4xx_hal_i2c.o
 .debug_info    0x0001e69f      0x5de build/stm32f4xx_hal_rng.o
 .debug_info    0x0001ec7d     0x11ab build/stm32f4xx_hal_rtc.o
 .debug_info    0x0001fe28     0x2090 build/stm32f4xx_hal_spi.o
 .debug_info    0x00021eb8     0x41a0 build/stm32f4xx_hal_tim.o
 .debug_info    0x00026058     0x1da5 build/stm32f4xx_hal_tim_ex.o
 .debug_info    0x00027dfd     0x439d build/stm32f4xx_hal_uart.o
 .debug_info    0x0002c19a      0x5b3 build/system_stm32f4xx.o
 .debug_info    0x0002c74d      0x30f build/list.o
 .debug_info    0x0002ca5c     0x2a48 build/queue.o
 .debug_info    0x0002f4a4     0x3d85 build/tasks.o
 .debug_info    0x00033229     0x24b0 build/timers.o
 .debug_info    0x000356d9     0x5b2a build/cmsis_os2.o
 .debug_info    0x0003b203      0x60c build/heap_4.o
 .debug_info    0x0003b80f      0x763 build/port.o
 .debug_info    0x0003bf72     0x146e build/usbd_core.o
 .debug_info    0x0003d3e0     0x15bd build/usbd_ctlreq.o
 .debug_info    0x0003e99d      0xa19 build/usbd_ioreq.o
 .debug_info    0x0003f3b6     0x1981 build/usbd_cdc.o
 .debug_info    0x00040d37       0x30 build/startup_stm32f407xx.o

.debug_abbrev   0x00000000     0x80b9
 .debug_abbrev  0x00000000      0x281 build/main.o
 .debug_abbrev  0x00000281      0x17e build/gpio.o
 .debug_abbrev  0x000003ff      0x186 build/freertos.o
 .debug_abbrev  0x00000585      0x210 build/adc.o
 .debug_abbrev  0x00000795      0x1f6 build/can.o
 .debug_abbrev  0x0000098b      0x1cd build/crc.o
 .debug_abbrev  0x00000b58      0x12f build/dma.o
 .debug_abbrev  0x00000c87      0x210 build/i2c.o
 .debug_abbrev  0x00000e97      0x1cd build/rng.o
 .debug_abbrev  0x00001064      0x1c6 build/rtc.o
 .debug_abbrev  0x0000122a      0x210 build/spi.o
 .debug_abbrev  0x0000143a      0x278 build/tim.o
 .debug_abbrev  0x000016b2      0x270 build/usart.o
 .debug_abbrev  0x00001922      0x228 build/stm32f4xx_it.o
 .debug_abbrev  0x00001b4a      0x122 build/stm32f4xx_hal_msp.o
 .debug_abbrev  0x00001c6c      0x22d build/stm32f4xx_hal_timebase_tim.o
 .debug_abbrev  0x00001e99      0x19c build/usb_device.o
 .debug_abbrev  0x00002035      0x208 build/usbd_desc.o
 .debug_abbrev  0x0000223d      0x2bc build/usbd_cdc_if.o
 .debug_abbrev  0x000024f9      0x34b build/usbd_conf.o
 .debug_abbrev  0x00002844      0x2e7 build/stm32f4xx_hal_pcd.o
 .debug_abbrev  0x00002b2b      0x1c5 build/stm32f4xx_hal_pcd_ex.o
 .debug_abbrev  0x00002cf0      0x344 build/stm32f4xx_ll_usb.o
 .debug_abbrev  0x00003034      0x2de build/stm32f4xx_hal_rcc.o
 .debug_abbrev  0x00003312      0x1dc build/stm32f4xx_hal_rcc_ex.o
 .debug_abbrev  0x000034ee      0x22b build/stm32f4xx_hal_gpio.o
 .debug_abbrev  0x00003719      0x2fe build/stm32f4xx_hal_dma.o
 .debug_abbrev  0x00003a17      0x3d3 build/stm32f4xx_hal_cortex.o
 .debug_abbrev  0x00003dea      0x244 build/stm32f4xx_hal.o
 .debug_abbrev  0x0000402e      0x2c7 build/stm32f4xx_hal_adc.o
 .debug_abbrev  0x000042f5      0x291 build/stm32f4xx_hal_can.o
 .debug_abbrev  0x00004586      0x1e9 build/stm32f4xx_hal_crc.o
 .debug_abbrev  0x0000476f      0x328 build/stm32f4xx_hal_i2c.o
 .debug_abbrev  0x00004a97      0x205 build/stm32f4xx_hal_rng.o